
==========================================================================================
                PHASE 4F -- B-CELL + CONSERVANCY (reuse; regression-gated)                
==========================================================================================

------------------------------------------------------------------------------------------
CONSERVANCY GATE -- per-target mean over ALL 30,268 candidates (Phase1Dc Raw_Full) vs published
[INFO] The brief names Min_50pct, but that file holds only the >=50% survivors (1,238 rows) and cannot reproduce the published means; the gate is therefore run on Raw_Full, which is the full pool the published means describe.
  HIV_gp120  n= 13251  published   4.54%  reproduced   4.54%  OK  (brief range 4.54-9.97%: in)
  HIV_gp41   n=  7783  published   5.69%  reproduced   5.69%  OK  (brief range 4.54-9.97%: in)
  HIV_p17    n=  3982  published   4.67%  reproduced   4.67%  OK  (brief range 4.54-9.97%: in)
  HIV_p24    n=  3141  published   9.97%  reproduced   9.97%  OK  (brief range 4.54-9.97%: in)
  Mpox_A35R  n=   657  published  37.80%  reproduced  37.80%  OK  (brief range 37.8-60.61%: in)
  Mpox_B5R   n=   931  published  45.02%  reproduced  45.02%  OK  (brief range 37.8-60.61%: in)
  Mpox_L1R   n=   523  published  60.61%  reproduced  60.61%  OK  (brief range 37.8-60.61%: in)
  HIV per-target means span 4.54-9.97% (brief 4.54-9.97); Mpox 37.8-60.61% (brief 37.80-60.61).
[SUCCESS] Conservancy gate PASSED: all 7 published per-target means reproduce exactly.
[INFO] independent conservancy recompute (Phase 1C variant pools, exact substring): 31/31 of the 31 construct epitopes reproduce the stored value AND hit ratio.

CONSERVANCY -- construct epitopes by pathogen (n stated; pool sizes are small, so values are coarse):
  HIV   n=14  mean  75.48%  min  53.33%  max  96.67%  (variant pool sizes [30]; target-pool mean over all candidates 5.48%)
  Mpox  n=17  mean  99.74%  min  95.65%  max 100.00%  (variant pool sizes [21, 23, 30]; target-pool mean over all candidates 46.63%)

------------------------------------------------------------------------------------------
B-CELL -- BepiPred (Phase I tiers, disagreement #3); tier recomputed with the imported classify_bcell_tier
[INFO] Bcell_Tier recomputed for all 39 pool B-cell candidates: 39/39 match Phase 1Db.

------------------------------------------------------------------------------------------
SEMA-3D (reused, not re-run) + native-fold overlay (Phase 1De per-antigen folds)
  sanity -- mean pLDDT from B-factors vs Phase 1De stored Mean_pLDDT (must agree; B-factor holds pLDDT):
    HIV_gp120   84.7 vs  84.7  OK  (470 residues, 1 chain(s))
    HIV_gp41    66.1 vs  66.1  OK  (352 residues, 1 chain(s))
    HIV_p17     81.0 vs  81.0  OK  (131 residues, 1 chain(s))
    HIV_p24     86.9 vs  86.9  OK  (231 residues, 1 chain(s))
    Mpox_A35R   69.4 vs  69.4  OK  (181 residues, 1 chain(s))
    Mpox_B5R    75.5 vs  75.5  OK  (317 residues, 1 chain(s))
    Mpox_L1R    78.9 vs  78.9  OK  (250 residues, 1 chain(s))
  sanity -- mean RSA: charged/polar (KREDQN) 0.47 vs buried-prone hydrophobic (LIVFWC) 0.30 (must be polar > hydrophobic): OK
  construct model: 570 residues, pTM 0.17; adjuvant (first 45) mean pLDDT 87.2 (98% >=70); non-adjuvant mean pLDDT 27.2, 0.0% of 525 residues >=70
Traceback (most recent call last):
  File "/Volumes/Extended SSD/ChimericVaccine/Research/Phase 4/STEP F/Phase4F_bcellAndConservancy.py", line 446, in <module>
    build_bcell_conservancy()
  File "/Volumes/Extended SSD/ChimericVaccine/Research/Phase 4/STEP F/Phase4F_bcellAndConservancy.py", line 321, in build_bcell_conservancy
    pool_rows = [b_row(r, r["Peptide"] in construct_b) for r in bc_pool]
                ^^^^^^^^^^^^^^^^^^^^^^^^^^^^^^^^^^^^^^^^^^^^^^^^^^^^^^^^
  File "/Volumes/Extended SSD/ChimericVaccine/Research/Phase 4/STEP F/Phase4F_bcellAndConservancy.py", line 321, in <listcomp>
    pool_rows = [b_row(r, r["Peptide"] in construct_b) for r in bc_pool]
                 ^^^^^^^^^^^^^^^^^^^^^^^^^^^^^^^^^^^^^
  File "/Volumes/Extended SSD/ChimericVaccine/Research/Phase 4/STEP F/Phase4F_bcellAndConservancy.py", line 296, in b_row
    t = r["Labelled_Target"] if is_construct else r["Target"]
        ~^^^^^^^^^^^^^^^^^^^
KeyError: 'Labelled_Target'
