
==========================================================================================
                PHASE 4D -- PROTEASOMAL PROCESSING (full 570-aa construct)                
==========================================================================================
[INFO] Construct Vax_Final_4fce119e: 570 aa, 63 segments, 62 junctions (Phase1G_FinalConstruct_2026-08-31_1908.csv).
[INFO] 31 construct epitopes located in the sequence by position (10 MHC-I, 11 MHC-II, 10 B-cell).
[PROCESS] processing endpoint 20/296
[PROCESS] processing endpoint 40/296
[PROCESS] processing endpoint 60/296
[PROCESS] processing endpoint 80/296
[PROCESS] processing endpoint 100/296
[WARNING] IEDB processing HTTP 403 (attempt 1/3) -- allele=HLA-B*38:02
[PROCESS] processing endpoint 120/296
[PROCESS] processing endpoint 140/296
[PROCESS] processing endpoint 160/296
[PROCESS] processing endpoint 180/296
[PROCESS] processing endpoint 200/296
[WARNING] IEDB processing HTTP 403 (attempt 1/3) -- allele=HLA-B*51:06
[WARNING] IEDB processing HTTP 403 (attempt 1/3) -- allele=HLA-B*54:01
[WARNING] IEDB processing HTTP 403 (attempt 1/3) -- allele=HLA-B*54:01
[WARNING] IEDB processing HTTP 403 (attempt 2/3) -- allele=HLA-B*54:01
[WARNING] IEDB processing HTTP 403 (attempt 1/3) -- allele=HLA-B*54:01
[WARNING] IEDB processing HTTP 403 (attempt 1/3) -- allele=HLA-B*56:02
[WARNING] IEDB processing HTTP 403 (attempt 1/3) -- allele=HLA-B*56:02
[WARNING] IEDB processing HTTP 403 (attempt 3/3) -- allele=HLA-B*54:01
[ERROR] IEDB processing failed after 3 attempts -- allele=HLA-B*54:01 -- treated as no-prediction, NOT cached.
[WARNING] IEDB processing HTTP 403 (attempt 1/3) -- allele=HLA-B*56:02
[WARNING] IEDB processing HTTP 403 (attempt 2/3) -- allele=HLA-B*56:02
[WARNING] IEDB processing HTTP 403 (attempt 1/3) -- allele=HLA-B*56:04
[WARNING] IEDB processing HTTP 403 (attempt 2/3) -- allele=HLA-B*56:04
[WARNING] IEDB processing HTTP 403 (attempt 3/3) -- allele=HLA-B*56:02
[ERROR] IEDB processing failed after 3 attempts -- allele=HLA-B*56:02 -- treated as no-prediction, NOT cached.
[WARNING] IEDB processing HTTP 403 (attempt 1/3) -- allele=HLA-C*08:01
[WARNING] IEDB processing HTTP 403 (attempt 1/3) -- allele=HLA-C*08:01
[PROCESS] processing endpoint 220/296
[WARNING] IEDB processing HTTP 403 (attempt 1/3) -- allele=HLA-C*04:01
[WARNING] IEDB processing HTTP 403 (attempt 1/3) -- allele=HLA-C*04:01
[WARNING] IEDB processing HTTP 403 (attempt 2/3) -- allele=HLA-C*04:01
[WARNING] IEDB processing HTTP 403 (attempt 1/3) -- allele=HLA-C*04:01
[WARNING] IEDB processing HTTP 403 (attempt 1/3) -- allele=HLA-C*07:03
[WARNING] IEDB processing HTTP 403 (attempt 2/3) -- allele=HLA-C*07:03
[WARNING] IEDB processing HTTP 403 (attempt 1/3) -- allele=HLA-C*07:03
[WARNING] IEDB processing HTTP 403 (attempt 1/3) -- allele=HLA-C*07:03
[WARNING] IEDB processing HTTP 403 (attempt 1/3) -- allele=HLA-C*04:03
[WARNING] IEDB processing HTTP 403 (attempt 3/3) -- allele=HLA-C*07:03
[ERROR] IEDB processing failed after 3 attempts -- allele=HLA-C*07:03 -- treated as no-prediction, NOT cached.
[WARNING] IEDB processing HTTP 403 (attempt 2/3) -- allele=HLA-C*07:03
[WARNING] IEDB processing HTTP 403 (attempt 2/3) -- allele=HLA-C*04:03
[WARNING] IEDB processing HTTP 403 (attempt 1/3) -- allele=HLA-C*04:03
[WARNING] IEDB processing HTTP 403 (attempt 2/3) -- allele=HLA-C*04:03
[WARNING] IEDB processing HTTP 403 (attempt 3/3) -- allele=HLA-C*04:03
[ERROR] IEDB processing failed after 3 attempts -- allele=HLA-C*04:03 -- treated as no-prediction, NOT cached.
[WARNING] IEDB processing HTTP 403 (attempt 1/3) -- allele=HLA-C*07:04
[WARNING] IEDB processing HTTP 403 (attempt 1/3) -- allele=HLA-C*07:04
[WARNING] IEDB processing HTTP 403 (attempt 2/3) -- allele=HLA-C*07:04
[WARNING] IEDB processing HTTP 403 (attempt 1/3) -- allele=HLA-C*07:04
[WARNING] IEDB processing HTTP 403 (attempt 3/3) -- allele=HLA-C*04:03
[ERROR] IEDB processing failed after 3 attempts -- allele=HLA-C*04:03 -- treated as no-prediction, NOT cached.
[WARNING] IEDB processing HTTP 403 (attempt 2/3) -- allele=HLA-C*07:04
[WARNING] IEDB processing HTTP 403 (attempt 1/3) -- allele=HLA-C*07:01
[WARNING] IEDB processing HTTP 403 (attempt 2/3) -- allele=HLA-C*07:04
[WARNING] IEDB processing HTTP 403 (attempt 2/3) -- allele=HLA-C*07:01
[WARNING] IEDB processing HTTP 403 (attempt 3/3) -- allele=HLA-C*07:04
[ERROR] IEDB processing failed after 3 attempts -- allele=HLA-C*07:04 -- treated as no-prediction, NOT cached.
[WARNING] IEDB processing HTTP 403 (attempt 1/3) -- allele=HLA-C*07:01
[WARNING] IEDB processing HTTP 403 (attempt 3/3) -- allele=HLA-C*07:04
[ERROR] IEDB processing failed after 3 attempts -- allele=HLA-C*07:04 -- treated as no-prediction, NOT cached.
[WARNING] IEDB processing HTTP 403 (attempt 1/3) -- allele=HLA-C*07:01
[WARNING] IEDB processing HTTP 403 (attempt 2/3) -- allele=HLA-C*07:01
[WARNING] IEDB processing HTTP 403 (attempt 3/3) -- allele=HLA-C*07:04
[ERROR] IEDB processing failed after 3 attempts -- allele=HLA-C*07:04 -- treated as no-prediction, NOT cached.
[PROCESS] processing endpoint 240/296
[WARNING] IEDB processing HTTP 403 (attempt 3/3) -- allele=HLA-C*07:01
[ERROR] IEDB processing failed after 3 attempts -- allele=HLA-C*07:01 -- treated as no-prediction, NOT cached.
[WARNING] IEDB processing HTTP 403 (attempt 1/3) -- allele=HLA-C*07:01
[WARNING] IEDB processing HTTP 403 (attempt 2/3) -- allele=HLA-C*07:01
[WARNING] IEDB processing HTTP 403 (attempt 1/3) -- allele=HLA-C*03:02
[WARNING] IEDB processing HTTP 403 (attempt 2/3) -- allele=HLA-C*07:01
[WARNING] IEDB processing HTTP 403 (attempt 2/3) -- allele=HLA-C*03:02
[WARNING] IEDB processing HTTP 403 (attempt 3/3) -- allele=HLA-C*07:01
[ERROR] IEDB processing failed after 3 attempts -- allele=HLA-C*07:01 -- treated as no-prediction, NOT cached.
[WARNING] IEDB processing HTTP 403 (attempt 1/3) -- allele=HLA-C*03:02
[WARNING] IEDB processing HTTP 403 (attempt 3/3) -- allele=HLA-C*07:01
[ERROR] IEDB processing failed after 3 attempts -- allele=HLA-C*07:01 -- treated as no-prediction, NOT cached.
[WARNING] IEDB processing HTTP 403 (attempt 1/3) -- allele=HLA-C*03:02
[WARNING] IEDB processing HTTP 403 (attempt 2/3) -- allele=HLA-C*03:02
[WARNING] IEDB processing HTTP 403 (attempt 3/3) -- allele=HLA-C*07:01
[ERROR] IEDB processing failed after 3 attempts -- allele=HLA-C*07:01 -- treated as no-prediction, NOT cached.
[WARNING] IEDB processing HTTP 403 (attempt 1/3) -- allele=HLA-C*03:02
[WARNING] IEDB processing HTTP 403 (attempt 3/3) -- allele=HLA-C*03:02
[ERROR] IEDB processing failed after 3 attempts -- allele=HLA-C*03:02 -- treated as no-prediction, NOT cached.
[WARNING] IEDB processing HTTP 403 (attempt 2/3) -- allele=HLA-C*03:02
[WARNING] IEDB processing HTTP 403 (attempt 1/3) -- allele=HLA-C*14:02
[WARNING] IEDB processing HTTP 403 (attempt 2/3) -- allele=HLA-C*03:02
[WARNING] IEDB processing HTTP 403 (attempt 2/3) -- allele=HLA-C*14:02
[WARNING] IEDB processing HTTP 403 (attempt 3/3) -- allele=HLA-C*03:02
[ERROR] IEDB processing failed after 3 attempts -- allele=HLA-C*03:02 -- treated as no-prediction, NOT cached.
[WARNING] IEDB processing HTTP 403 (attempt 1/3) -- allele=HLA-C*14:02
[WARNING] IEDB processing HTTP 403 (attempt 3/3) -- allele=HLA-C*03:02
[ERROR] IEDB processing failed after 3 attempts -- allele=HLA-C*03:02 -- treated as no-prediction, NOT cached.
[WARNING] IEDB processing HTTP 403 (attempt 1/3) -- allele=HLA-C*14:02
[WARNING] IEDB processing HTTP 403 (attempt 2/3) -- allele=HLA-C*14:02
[WARNING] IEDB processing HTTP 403 (attempt 3/3) -- allele=HLA-C*03:02
[ERROR] IEDB processing failed after 3 attempts -- allele=HLA-C*03:02 -- treated as no-prediction, NOT cached.
[WARNING] IEDB processing HTTP 403 (attempt 3/3) -- allele=HLA-C*14:02
[ERROR] IEDB processing failed after 3 attempts -- allele=HLA-C*14:02 -- treated as no-prediction, NOT cached.
[WARNING] IEDB processing HTTP 403 (attempt 1/3) -- allele=HLA-C*14:02
[WARNING] IEDB processing HTTP 403 (attempt 2/3) -- allele=HLA-C*14:02
[WARNING] IEDB processing HTTP 403 (attempt 1/3) -- allele=HLA-C*01:02
[WARNING] IEDB processing HTTP 403 (attempt 2/3) -- allele=HLA-C*14:02
[WARNING] IEDB processing HTTP 403 (attempt 2/3) -- allele=HLA-C*01:02
[WARNING] IEDB processing HTTP 403 (attempt 3/3) -- allele=HLA-C*14:02
[ERROR] IEDB processing failed after 3 attempts -- allele=HLA-C*14:02 -- treated as no-prediction, NOT cached.
[WARNING] IEDB processing HTTP 403 (attempt 1/3) -- allele=HLA-C*01:02
[WARNING] IEDB processing HTTP 403 (attempt 3/3) -- allele=HLA-C*14:02
[ERROR] IEDB processing failed after 3 attempts -- allele=HLA-C*14:02 -- treated as no-prediction, NOT cached.
[WARNING] IEDB processing HTTP 403 (attempt 1/3) -- allele=HLA-C*01:02
[WARNING] IEDB processing HTTP 403 (attempt 2/3) -- allele=HLA-C*01:02
[WARNING] IEDB processing HTTP 403 (attempt 3/3) -- allele=HLA-C*14:02
[ERROR] IEDB processing failed after 3 attempts -- allele=HLA-C*14:02 -- treated as no-prediction, NOT cached.
[WARNING] IEDB processing HTTP 403 (attempt 1/3) -- allele=HLA-C*01:02
[WARNING] IEDB processing HTTP 403 (attempt 2/3) -- allele=HLA-C*01:02
[WARNING] IEDB processing HTTP 403 (attempt 3/3) -- allele=HLA-C*01:02
[ERROR] IEDB processing failed after 3 attempts -- allele=HLA-C*01:02 -- treated as no-prediction, NOT cached.
[WARNING] IEDB processing HTTP 403 (attempt 1/3) -- allele=HLA-C*12:02
[WARNING] IEDB processing HTTP 403 (attempt 2/3) -- allele=HLA-C*01:02
[WARNING] IEDB processing HTTP 403 (attempt 2/3) -- allele=HLA-C*12:02
[WARNING] IEDB processing HTTP 403 (attempt 3/3) -- allele=HLA-C*01:02
[ERROR] IEDB processing failed after 3 attempts -- allele=HLA-C*01:02 -- treated as no-prediction, NOT cached.
[WARNING] IEDB processing HTTP 403 (attempt 1/3) -- allele=HLA-C*12:02
[WARNING] IEDB processing HTTP 403 (attempt 3/3) -- allele=HLA-C*01:02
[ERROR] IEDB processing failed after 3 attempts -- allele=HLA-C*01:02 -- treated as no-prediction, NOT cached.
[WARNING] IEDB processing HTTP 403 (attempt 1/3) -- allele=HLA-C*12:02
[WARNING] IEDB processing HTTP 403 (attempt 2/3) -- allele=HLA-C*12:02
[WARNING] IEDB processing HTTP 403 (attempt 3/3) -- allele=HLA-C*01:02
[ERROR] IEDB processing failed after 3 attempts -- allele=HLA-C*01:02 -- treated as no-prediction, NOT cached.
[WARNING] IEDB processing HTTP 403 (attempt 1/3) -- allele=HLA-C*12:02
[WARNING] IEDB processing HTTP 403 (attempt 3/3) -- allele=HLA-C*12:02
[ERROR] IEDB processing failed after 3 attempts -- allele=HLA-C*12:02 -- treated as no-prediction, NOT cached.
[WARNING] IEDB processing HTTP 403 (attempt 2/3) -- allele=HLA-C*12:02
[WARNING] IEDB processing HTTP 403 (attempt 1/3) -- allele=HLA-C*15:02
[WARNING] IEDB processing HTTP 403 (attempt 2/3) -- allele=HLA-C*12:02
[WARNING] IEDB processing HTTP 403 (attempt 2/3) -- allele=HLA-C*15:02
[WARNING] IEDB processing HTTP 403 (attempt 3/3) -- allele=HLA-C*12:02
[ERROR] IEDB processing failed after 3 attempts -- allele=HLA-C*12:02 -- treated as no-prediction, NOT cached.
[WARNING] IEDB processing HTTP 403 (attempt 1/3) -- allele=HLA-C*15:02
[WARNING] IEDB processing HTTP 403 (attempt 3/3) -- allele=HLA-C*12:02
[ERROR] IEDB processing failed after 3 attempts -- allele=HLA-C*12:02 -- treated as no-prediction, NOT cached.
[WARNING] IEDB processing HTTP 403 (attempt 1/3) -- allele=HLA-C*15:02
[WARNING] IEDB processing HTTP 403 (attempt 2/3) -- allele=HLA-C*15:02
[WARNING] IEDB processing HTTP 403 (attempt 3/3) -- allele=HLA-C*12:02
[ERROR] IEDB processing failed after 3 attempts -- allele=HLA-C*12:02 -- treated as no-prediction, NOT cached.
[PROCESS] processing endpoint 260/296
[WARNING] IEDB processing HTTP 403 (attempt 3/3) -- allele=HLA-C*15:02
[ERROR] IEDB processing failed after 3 attempts -- allele=HLA-C*15:02 -- treated as no-prediction, NOT cached.
[WARNING] IEDB processing HTTP 403 (attempt 2/3) -- allele=HLA-C*15:02
[WARNING] IEDB processing HTTP 403 (attempt 1/3) -- allele=HLA-C*15:02
[WARNING] IEDB processing HTTP 403 (attempt 1/3) -- allele=HLA-C*06:02
[WARNING] IEDB processing HTTP 403 (attempt 2/3) -- allele=HLA-C*15:02
[WARNING] IEDB processing HTTP 403 (attempt 2/3) -- allele=HLA-C*06:02
[WARNING] IEDB processing HTTP 403 (attempt 3/3) -- allele=HLA-C*15:02
[ERROR] IEDB processing failed after 3 attempts -- allele=HLA-C*15:02 -- treated as no-prediction, NOT cached.
[WARNING] IEDB processing HTTP 403 (attempt 1/3) -- allele=HLA-C*06:02
[WARNING] IEDB processing HTTP 403 (attempt 3/3) -- allele=HLA-C*15:02
[ERROR] IEDB processing failed after 3 attempts -- allele=HLA-C*15:02 -- treated as no-prediction, NOT cached.
[WARNING] IEDB processing HTTP 403 (attempt 1/3) -- allele=HLA-C*06:02
[WARNING] IEDB processing HTTP 403 (attempt 2/3) -- allele=HLA-C*06:02
[WARNING] IEDB processing HTTP 403 (attempt 3/3) -- allele=HLA-C*15:02
[ERROR] IEDB processing failed after 3 attempts -- allele=HLA-C*15:02 -- treated as no-prediction, NOT cached.
[WARNING] IEDB processing HTTP 403 (attempt 2/3) -- allele=HLA-C*06:02
[WARNING] IEDB processing HTTP 403 (attempt 3/3) -- allele=HLA-C*06:02
[ERROR] IEDB processing failed after 3 attempts -- allele=HLA-C*06:02 -- treated as no-prediction, NOT cached.
[WARNING] IEDB processing HTTP 403 (attempt 1/3) -- allele=HLA-C*06:02
[WARNING] IEDB processing HTTP 403 (attempt 1/3) -- allele=HLA-C*03:03
[WARNING] IEDB processing HTTP 403 (attempt 2/3) -- allele=HLA-C*06:02
[WARNING] IEDB processing HTTP 403 (attempt 2/3) -- allele=HLA-C*03:03
[WARNING] IEDB processing HTTP 403 (attempt 3/3) -- allele=HLA-C*06:02
[ERROR] IEDB processing failed after 3 attempts -- allele=HLA-C*06:02 -- treated as no-prediction, NOT cached.
[WARNING] IEDB processing HTTP 403 (attempt 1/3) -- allele=HLA-C*03:03
[WARNING] IEDB processing HTTP 403 (attempt 3/3) -- allele=HLA-C*06:02
[ERROR] IEDB processing failed after 3 attempts -- allele=HLA-C*06:02 -- treated as no-prediction, NOT cached.
[WARNING] IEDB processing HTTP 403 (attempt 1/3) -- allele=HLA-C*03:03
[WARNING] IEDB processing HTTP 403 (attempt 2/3) -- allele=HLA-C*03:03
[WARNING] IEDB processing HTTP 403 (attempt 3/3) -- allele=HLA-C*06:02
[ERROR] IEDB processing failed after 3 attempts -- allele=HLA-C*06:02 -- treated as no-prediction, NOT cached.
[WARNING] IEDB processing HTTP 403 (attempt 2/3) -- allele=HLA-C*03:03
[WARNING] IEDB processing HTTP 403 (attempt 3/3) -- allele=HLA-C*03:03
[ERROR] IEDB processing failed after 3 attempts -- allele=HLA-C*03:03 -- treated as no-prediction, NOT cached.
[WARNING] IEDB processing HTTP 403 (attempt 1/3) -- allele=HLA-C*03:03
[WARNING] IEDB processing HTTP 403 (attempt 1/3) -- allele=HLA-C*04:06
[WARNING] IEDB processing HTTP 403 (attempt 2/3) -- allele=HLA-C*03:03
[WARNING] IEDB processing HTTP 403 (attempt 2/3) -- allele=HLA-C*04:06
[WARNING] IEDB processing HTTP 403 (attempt 3/3) -- allele=HLA-C*03:03
[ERROR] IEDB processing failed after 3 attempts -- allele=HLA-C*03:03 -- treated as no-prediction, NOT cached.
[WARNING] IEDB processing HTTP 403 (attempt 1/3) -- allele=HLA-C*04:06
[WARNING] IEDB processing HTTP 403 (attempt 3/3) -- allele=HLA-C*03:03
[ERROR] IEDB processing failed after 3 attempts -- allele=HLA-C*03:03 -- treated as no-prediction, NOT cached.
[WARNING] IEDB processing HTTP 403 (attempt 1/3) -- allele=HLA-C*04:06
[WARNING] IEDB processing HTTP 403 (attempt 2/3) -- allele=HLA-C*04:06
[WARNING] IEDB processing HTTP 403 (attempt 3/3) -- allele=HLA-C*03:03
[ERROR] IEDB processing failed after 3 attempts -- allele=HLA-C*03:03 -- treated as no-prediction, NOT cached.
[WARNING] IEDB processing HTTP 403 (attempt 2/3) -- allele=HLA-C*04:06
[WARNING] IEDB processing HTTP 403 (attempt 3/3) -- allele=HLA-C*04:06
[ERROR] IEDB processing failed after 3 attempts -- allele=HLA-C*04:06 -- treated as no-prediction, NOT cached.
[WARNING] IEDB processing HTTP 403 (attempt 1/3) -- allele=HLA-C*04:06
[WARNING] IEDB processing HTTP 403 (attempt 1/3) -- allele=HLA-C*05:01
[WARNING] IEDB processing HTTP 403 (attempt 2/3) -- allele=HLA-C*04:06
[WARNING] IEDB processing HTTP 403 (attempt 2/3) -- allele=HLA-C*05:01
[WARNING] IEDB processing HTTP 403 (attempt 3/3) -- allele=HLA-C*04:06
[ERROR] IEDB processing failed after 3 attempts -- allele=HLA-C*04:06 -- treated as no-prediction, NOT cached.
[WARNING] IEDB processing HTTP 403 (attempt 1/3) -- allele=HLA-C*05:01
[WARNING] IEDB processing HTTP 403 (attempt 3/3) -- allele=HLA-C*04:06
[ERROR] IEDB processing failed after 3 attempts -- allele=HLA-C*04:06 -- treated as no-prediction, NOT cached.
[WARNING] IEDB processing HTTP 403 (attempt 1/3) -- allele=HLA-C*05:01
[WARNING] IEDB processing HTTP 403 (attempt 2/3) -- allele=HLA-C*05:01
[WARNING] IEDB processing HTTP 403 (attempt 3/3) -- allele=HLA-C*04:06
[ERROR] IEDB processing failed after 3 attempts -- allele=HLA-C*04:06 -- treated as no-prediction, NOT cached.
[WARNING] IEDB processing HTTP 403 (attempt 2/3) -- allele=HLA-C*05:01
[WARNING] IEDB processing HTTP 403 (attempt 1/3) -- allele=HLA-C*05:01
[WARNING] IEDB processing HTTP 403 (attempt 3/3) -- allele=HLA-C*05:01
[ERROR] IEDB processing failed after 3 attempts -- allele=HLA-C*05:01 -- treated as no-prediction, NOT cached.
[WARNING] IEDB processing HTTP 403 (attempt 1/3) -- allele=HLA-C*05:04
[WARNING] IEDB processing HTTP 403 (attempt 2/3) -- allele=HLA-C*05:01
[WARNING] IEDB processing HTTP 403 (attempt 2/3) -- allele=HLA-C*05:04
[WARNING] IEDB processing HTTP 403 (attempt 3/3) -- allele=HLA-C*05:01
[ERROR] IEDB processing failed after 3 attempts -- allele=HLA-C*05:01 -- treated as no-prediction, NOT cached.
[WARNING] IEDB processing HTTP 403 (attempt 1/3) -- allele=HLA-C*05:04
[WARNING] IEDB processing HTTP 403 (attempt 3/3) -- allele=HLA-C*05:01
[ERROR] IEDB processing failed after 3 attempts -- allele=HLA-C*05:01 -- treated as no-prediction, NOT cached.
[WARNING] IEDB processing HTTP 403 (attempt 1/3) -- allele=HLA-C*05:04
[WARNING] IEDB processing HTTP 403 (attempt 2/3) -- allele=HLA-C*05:04
[WARNING] IEDB processing HTTP 403 (attempt 3/3) -- allele=HLA-C*05:01
[ERROR] IEDB processing failed after 3 attempts -- allele=HLA-C*05:01 -- treated as no-prediction, NOT cached.
[PROCESS] processing endpoint 280/296
[WARNING] IEDB processing HTTP 403 (attempt 2/3) -- allele=HLA-C*05:04
[WARNING] IEDB processing HTTP 403 (attempt 1/3) -- allele=HLA-C*05:04
[WARNING] IEDB processing HTTP 403 (attempt 3/3) -- allele=HLA-C*05:04
[ERROR] IEDB processing failed after 3 attempts -- allele=HLA-C*05:04 -- treated as no-prediction, NOT cached.
[WARNING] IEDB processing HTTP 403 (attempt 1/3) -- allele=HLA-C*08:05
[WARNING] IEDB processing HTTP 403 (attempt 2/3) -- allele=HLA-C*05:04
[WARNING] IEDB processing HTTP 403 (attempt 2/3) -- allele=HLA-C*08:05
[WARNING] IEDB processing HTTP 403 (attempt 3/3) -- allele=HLA-C*05:04
[ERROR] IEDB processing failed after 3 attempts -- allele=HLA-C*05:04 -- treated as no-prediction, NOT cached.
[WARNING] IEDB processing HTTP 403 (attempt 1/3) -- allele=HLA-C*08:05
[WARNING] IEDB processing HTTP 403 (attempt 3/3) -- allele=HLA-C*05:04
[ERROR] IEDB processing failed after 3 attempts -- allele=HLA-C*05:04 -- treated as no-prediction, NOT cached.
[WARNING] IEDB processing HTTP 403 (attempt 1/3) -- allele=HLA-C*08:05
[WARNING] IEDB processing HTTP 403 (attempt 2/3) -- allele=HLA-C*08:05
[WARNING] IEDB processing HTTP 403 (attempt 3/3) -- allele=HLA-C*05:04
[ERROR] IEDB processing failed after 3 attempts -- allele=HLA-C*05:04 -- treated as no-prediction, NOT cached.
[WARNING] IEDB processing HTTP 403 (attempt 2/3) -- allele=HLA-C*08:05
[WARNING] IEDB processing HTTP 403 (attempt 1/3) -- allele=HLA-C*08:05
[WARNING] IEDB processing HTTP 403 (attempt 3/3) -- allele=HLA-C*08:05
[ERROR] IEDB processing failed after 3 attempts -- allele=HLA-C*08:05 -- treated as no-prediction, NOT cached.
[WARNING] IEDB processing HTTP 403 (attempt 1/3) -- allele=HLA-C*12:03
[WARNING] IEDB processing HTTP 403 (attempt 2/3) -- allele=HLA-C*08:05
[WARNING] IEDB processing HTTP 403 (attempt 2/3) -- allele=HLA-C*12:03
[WARNING] IEDB processing HTTP 403 (attempt 3/3) -- allele=HLA-C*08:05
[ERROR] IEDB processing failed after 3 attempts -- allele=HLA-C*08:05 -- treated as no-prediction, NOT cached.
[WARNING] IEDB processing HTTP 403 (attempt 1/3) -- allele=HLA-C*12:03
[WARNING] IEDB processing HTTP 403 (attempt 3/3) -- allele=HLA-C*08:05
[ERROR] IEDB processing failed after 3 attempts -- allele=HLA-C*08:05 -- treated as no-prediction, NOT cached.
[WARNING] IEDB processing HTTP 403 (attempt 1/3) -- allele=HLA-C*12:03
[WARNING] IEDB processing HTTP 403 (attempt 2/3) -- allele=HLA-C*12:03
[WARNING] IEDB processing HTTP 403 (attempt 3/3) -- allele=HLA-C*08:05
[ERROR] IEDB processing failed after 3 attempts -- allele=HLA-C*08:05 -- treated as no-prediction, NOT cached.
[WARNING] IEDB processing HTTP 403 (attempt 2/3) -- allele=HLA-C*12:03
[WARNING] IEDB processing HTTP 403 (attempt 3/3) -- allele=HLA-C*12:03
[ERROR] IEDB processing failed after 3 attempts -- allele=HLA-C*12:03 -- treated as no-prediction, NOT cached.
[WARNING] IEDB processing HTTP 403 (attempt 1/3) -- allele=HLA-C*12:03
[WARNING] IEDB processing HTTP 403 (attempt 1/3) -- allele=HLA-C*15:05
[WARNING] IEDB processing HTTP 403 (attempt 2/3) -- allele=HLA-C*12:03
[WARNING] IEDB processing HTTP 403 (attempt 2/3) -- allele=HLA-C*15:05
[WARNING] IEDB processing HTTP 403 (attempt 3/3) -- allele=HLA-C*12:03
[ERROR] IEDB processing failed after 3 attempts -- allele=HLA-C*12:03 -- treated as no-prediction, NOT cached.
[WARNING] IEDB processing HTTP 403 (attempt 1/3) -- allele=HLA-C*15:05
[WARNING] IEDB processing HTTP 403 (attempt 3/3) -- allele=HLA-C*12:03
[ERROR] IEDB processing failed after 3 attempts -- allele=HLA-C*12:03 -- treated as no-prediction, NOT cached.
[WARNING] IEDB processing HTTP 403 (attempt 1/3) -- allele=HLA-C*15:05
[WARNING] IEDB processing HTTP 403 (attempt 2/3) -- allele=HLA-C*15:05
[WARNING] IEDB processing HTTP 403 (attempt 3/3) -- allele=HLA-C*12:03
[ERROR] IEDB processing failed after 3 attempts -- allele=HLA-C*12:03 -- treated as no-prediction, NOT cached.
[WARNING] IEDB processing HTTP 403 (attempt 2/3) -- allele=HLA-C*15:05
[WARNING] IEDB processing HTTP 403 (attempt 3/3) -- allele=HLA-C*15:05
[ERROR] IEDB processing failed after 3 attempts -- allele=HLA-C*15:05 -- treated as no-prediction, NOT cached.
[WARNING] IEDB processing HTTP 403 (attempt 1/3) -- allele=HLA-C*15:05
[WARNING] IEDB processing HTTP 403 (attempt 2/3) -- allele=HLA-C*15:05
[WARNING] IEDB processing HTTP 403 (attempt 3/3) -- allele=HLA-C*15:05
[ERROR] IEDB processing failed after 3 attempts -- allele=HLA-C*15:05 -- treated as no-prediction, NOT cached.
[WARNING] IEDB processing HTTP 403 (attempt 3/3) -- allele=HLA-C*15:05
[ERROR] IEDB processing failed after 3 attempts -- allele=HLA-C*15:05 -- treated as no-prediction, NOT cached.
[WARNING] IEDB processing HTTP 403 (attempt 3/3) -- allele=HLA-C*15:05
[ERROR] IEDB processing failed after 3 attempts -- allele=HLA-C*15:05 -- treated as no-prediction, NOT cached.
[PROCESS] processing endpoint 296/296
[INFO] processing endpoint: 60/74 MHC-I alleles usable; unusable: ['HLA-B*54:01', 'HLA-B*56:02', 'HLA-C*01:02', 'HLA-C*03:02', 'HLA-C*03:03', 'HLA-C*04:03', 'HLA-C*04:06', 'HLA-C*05:01', 'HLA-C*05:04', 'HLA-C*06:02', 'HLA-C*07:01', 'HLA-C*07:03', 'HLA-C*07:04', 'HLA-C*08:05', 'HLA-C*12:02', 'HLA-C*12:03', 'HLA-C*14:02', 'HLA-C*15:02', 'HLA-C*15:05']; 232 (allele,length) tables.
[INFO] invariance: max |proteasome_score| deviation across alleles/lengths at the same end position = 0.0000 (129705 comparisons); max |processing_score| deviation across alleles for the same window = 0.0000.
[INFO] direction check -- C-terminal residues by mean cleavage score (high->low): WLFYMAIRDHCVSNTEQKPG
[INFO] direction/consistency vs Step 2: at the epitope-allele pairs Step 2 called binders (EL rank <=1), 15/61 have processing-endpoint IC50 <= 500 nM.
[INFO] MHC-I liberation (pre-registered: C-terminal cleavage percentile >= 50): 10/10 liberated; NOT liberated: none
[INFO] MHC-I epitopes with an internal cleavage site stronger than the C-terminal one: ['GPKEPFRDY', 'HHFNCRGEF', 'HWTTYMDTF', 'RFALNPGLL', 'VYSTCTVPTM']
[INFO] MHC-I junction windows: 1475 spanning >=1 boundary, 526 'deep' (>= 3 residues each side).
[INFO] MHC-I neoepitope flags (deep, IC50<=500nM, beats >=1 real epitope binding that allele): 111 (window,allele) rows across 32 distinct deep-junction windows; 92 beat ALL real epitopes at that allele. Shallow (shifted-copy) flags excluded from trigger: 118.
[INFO] MHC-II junction windows (12-20 aa): 4465 spanning >=1 boundary; scanning 33 alleles that have >=1 real MHC-II epitope comparator.
[WARNING] IEDB mhcii_el HTTP 403 (attempt 1/3) -- allele=HLA-DPA1*01:03/DPB1*01:01
[WARNING] IEDB mhcii_el HTTP 403 (attempt 1/3) -- allele=HLA-DPA1*01:03/DPB1*01:01
[WARNING] IEDB mhcii_el HTTP 403 (attempt 1/3) -- allele=HLA-DPA1*01:03/DPB1*01:01
[WARNING] IEDB mhcii_el HTTP 403 (attempt 1/3) -- allele=HLA-DPA1*01:03/DPB1*01:01
[WARNING] IEDB mhcii_el HTTP 403 (attempt 2/3) -- allele=HLA-DPA1*01:03/DPB1*01:01
[WARNING] IEDB mhcii_el HTTP 403 (attempt 2/3) -- allele=HLA-DPA1*01:03/DPB1*01:01
[WARNING] IEDB mhcii_el HTTP 403 (attempt 2/3) -- allele=HLA-DPA1*01:03/DPB1*01:01
[WARNING] IEDB mhcii_el HTTP 403 (attempt 2/3) -- allele=HLA-DPA1*01:03/DPB1*01:01
[WARNING] IEDB mhcii_el HTTP 403 (attempt 3/3) -- allele=HLA-DPA1*01:03/DPB1*01:01
[ERROR] IEDB mhcii_el failed after 3 attempts -- allele=HLA-DPA1*01:03/DPB1*01:01 -- treated as no-prediction, NOT cached.
[WARNING] IEDB mhcii_el HTTP 403 (attempt 3/3) -- allele=HLA-DPA1*01:03/DPB1*01:01
[ERROR] IEDB mhcii_el failed after 3 attempts -- allele=HLA-DPA1*01:03/DPB1*01:01 -- treated as no-prediction, NOT cached.
[WARNING] IEDB mhcii_el HTTP 403 (attempt 3/3) -- allele=HLA-DPA1*01:03/DPB1*01:01
[ERROR] IEDB mhcii_el failed after 3 attempts -- allele=HLA-DPA1*01:03/DPB1*01:01 -- treated as no-prediction, NOT cached.
[WARNING] IEDB mhcii_el HTTP 403 (attempt 3/3) -- allele=HLA-DPA1*01:03/DPB1*01:01
[ERROR] IEDB mhcii_el failed after 3 attempts -- allele=HLA-DPA1*01:03/DPB1*01:01 -- treated as no-prediction, NOT cached.
[WARNING] IEDB mhcii_el HTTP 403 (attempt 1/3) -- allele=HLA-DPA1*01:03/DPB1*01:01
[WARNING] IEDB mhcii_el HTTP 403 (attempt 1/3) -- allele=HLA-DPA1*01:03/DPB1*01:01
[WARNING] IEDB mhcii_el HTTP 403 (attempt 1/3) -- allele=HLA-DPA1*01:03/DPB1*01:01
[WARNING] IEDB mhcii_el HTTP 403 (attempt 1/3) -- allele=HLA-DPA1*01:03/DPB1*01:01
[WARNING] IEDB mhcii_el HTTP 403 (attempt 2/3) -- allele=HLA-DPA1*01:03/DPB1*01:01
[WARNING] IEDB mhcii_el HTTP 403 (attempt 2/3) -- allele=HLA-DPA1*01:03/DPB1*01:01
[WARNING] IEDB mhcii_el HTTP 403 (attempt 2/3) -- allele=HLA-DPA1*01:03/DPB1*01:01
[WARNING] IEDB mhcii_el HTTP 403 (attempt 2/3) -- allele=HLA-DPA1*01:03/DPB1*01:01
[WARNING] IEDB mhcii_el HTTP 403 (attempt 3/3) -- allele=HLA-DPA1*01:03/DPB1*01:01
[ERROR] IEDB mhcii_el failed after 3 attempts -- allele=HLA-DPA1*01:03/DPB1*01:01 -- treated as no-prediction, NOT cached.
[WARNING] IEDB mhcii_el HTTP 403 (attempt 3/3) -- allele=HLA-DPA1*01:03/DPB1*01:01
[ERROR] IEDB mhcii_el failed after 3 attempts -- allele=HLA-DPA1*01:03/DPB1*01:01 -- treated as no-prediction, NOT cached.
[WARNING] IEDB mhcii_el HTTP 403 (attempt 3/3) -- allele=HLA-DPA1*01:03/DPB1*01:01
[ERROR] IEDB mhcii_el failed after 3 attempts -- allele=HLA-DPA1*01:03/DPB1*01:01 -- treated as no-prediction, NOT cached.
[WARNING] IEDB mhcii_el HTTP 403 (attempt 3/3) -- allele=HLA-DPA1*01:03/DPB1*01:01
[ERROR] IEDB mhcii_el failed after 3 attempts -- allele=HLA-DPA1*01:03/DPB1*01:01 -- treated as no-prediction, NOT cached.
[WARNING] IEDB mhcii_el HTTP 403 (attempt 1/3) -- allele=HLA-DPA1*01:03/DPB1*01:01
[WARNING] IEDB mhcii_el HTTP 403 (attempt 1/3) -- allele=HLA-DPA1*01:03/DPB1*02:01
[WARNING] IEDB mhcii_el HTTP 403 (attempt 1/3) -- allele=HLA-DPA1*01:03/DPB1*02:01
[WARNING] IEDB mhcii_el HTTP 403 (attempt 1/3) -- allele=HLA-DPA1*01:03/DPB1*02:01
[WARNING] IEDB mhcii_el HTTP 403 (attempt 2/3) -- allele=HLA-DPA1*01:03/DPB1*01:01
[WARNING] IEDB mhcii_el HTTP 403 (attempt 2/3) -- allele=HLA-DPA1*01:03/DPB1*02:01
[WARNING] IEDB mhcii_el HTTP 403 (attempt 2/3) -- allele=HLA-DPA1*01:03/DPB1*02:01
[WARNING] IEDB mhcii_el HTTP 403 (attempt 2/3) -- allele=HLA-DPA1*01:03/DPB1*02:01
[WARNING] IEDB mhcii_el HTTP 403 (attempt 3/3) -- allele=HLA-DPA1*01:03/DPB1*02:01
[ERROR] IEDB mhcii_el failed after 3 attempts -- allele=HLA-DPA1*01:03/DPB1*02:01 -- treated as no-prediction, NOT cached.
[WARNING] IEDB mhcii_el HTTP 403 (attempt 3/3) -- allele=HLA-DPA1*01:03/DPB1*01:01
[ERROR] IEDB mhcii_el failed after 3 attempts -- allele=HLA-DPA1*01:03/DPB1*01:01 -- treated as no-prediction, NOT cached.
[PROCESS] MHC-II junction scan 10/297
[WARNING] IEDB mhcii_el HTTP 403 (attempt 3/3) -- allele=HLA-DPA1*01:03/DPB1*02:01
[ERROR] IEDB mhcii_el failed after 3 attempts -- allele=HLA-DPA1*01:03/DPB1*02:01 -- treated as no-prediction, NOT cached.
[WARNING] IEDB mhcii_el HTTP 403 (attempt 3/3) -- allele=HLA-DPA1*01:03/DPB1*02:01
[ERROR] IEDB mhcii_el failed after 3 attempts -- allele=HLA-DPA1*01:03/DPB1*02:01 -- treated as no-prediction, NOT cached.
[WARNING] IEDB mhcii_el HTTP 403 (attempt 1/3) -- allele=HLA-DPA1*01:03/DPB1*02:01
[WARNING] IEDB mhcii_el HTTP 403 (attempt 1/3) -- allele=HLA-DPA1*01:03/DPB1*02:01
[WARNING] IEDB mhcii_el HTTP 403 (attempt 1/3) -- allele=HLA-DPA1*01:03/DPB1*02:01
[WARNING] IEDB mhcii_el HTTP 403 (attempt 1/3) -- allele=HLA-DPA1*01:03/DPB1*02:01
[WARNING] IEDB mhcii_el HTTP 403 (attempt 2/3) -- allele=HLA-DPA1*01:03/DPB1*02:01
[WARNING] IEDB mhcii_el HTTP 403 (attempt 2/3) -- allele=HLA-DPA1*01:03/DPB1*02:01
[WARNING] IEDB mhcii_el HTTP 403 (attempt 2/3) -- allele=HLA-DPA1*01:03/DPB1*02:01
[WARNING] IEDB mhcii_el HTTP 403 (attempt 2/3) -- allele=HLA-DPA1*01:03/DPB1*02:01
[WARNING] IEDB mhcii_el HTTP 403 (attempt 3/3) -- allele=HLA-DPA1*01:03/DPB1*02:01
[ERROR] IEDB mhcii_el failed after 3 attempts -- allele=HLA-DPA1*01:03/DPB1*02:01 -- treated as no-prediction, NOT cached.
[WARNING] IEDB mhcii_el HTTP 403 (attempt 3/3) -- allele=HLA-DPA1*01:03/DPB1*02:01
[ERROR] IEDB mhcii_el failed after 3 attempts -- allele=HLA-DPA1*01:03/DPB1*02:01 -- treated as no-prediction, NOT cached.
[WARNING] IEDB mhcii_el HTTP 403 (attempt 3/3) -- allele=HLA-DPA1*01:03/DPB1*02:01
[ERROR] IEDB mhcii_el failed after 3 attempts -- allele=HLA-DPA1*01:03/DPB1*02:01 -- treated as no-prediction, NOT cached.
[WARNING] IEDB mhcii_el HTTP 403 (attempt 1/3) -- allele=HLA-DPA1*01:03/DPB1*02:01[WARNING] IEDB mhcii_el HTTP 403 (attempt 3/3) -- allele=HLA-DPA1*01:03/DPB1*02:01
[ERROR] IEDB mhcii_el failed after 3 attempts -- allele=HLA-DPA1*01:03/DPB1*02:01 -- treated as no-prediction, NOT cached.

[WARNING] IEDB mhcii_el HTTP 403 (attempt 1/3) -- allele=HLA-DPA1*01:03/DPB1*02:01
[WARNING] IEDB mhcii_el HTTP 403 (attempt 1/3) -- allele=HLA-DPA1*01:03/DPB1*03:01
[WARNING] IEDB mhcii_el HTTP 403 (attempt 1/3) -- allele=HLA-DPA1*01:03/DPB1*03:01
[WARNING] IEDB mhcii_el HTTP 403 (attempt 2/3) -- allele=HLA-DPA1*01:03/DPB1*02:01
[WARNING] IEDB mhcii_el HTTP 403 (attempt 2/3) -- allele=HLA-DPA1*01:03/DPB1*02:01
[WARNING] IEDB mhcii_el HTTP 403 (attempt 2/3) -- allele=HLA-DPA1*01:03/DPB1*03:01
[WARNING] IEDB mhcii_el HTTP 403 (attempt 2/3) -- allele=HLA-DPA1*01:03/DPB1*03:01
[WARNING] IEDB mhcii_el HTTP 403 (attempt 3/3) -- allele=HLA-DPA1*01:03/DPB1*02:01
[ERROR] IEDB mhcii_el failed after 3 attempts -- allele=HLA-DPA1*01:03/DPB1*02:01 -- treated as no-prediction, NOT cached.
[WARNING] IEDB mhcii_el HTTP 403 (attempt 3/3) -- allele=HLA-DPA1*01:03/DPB1*02:01
[ERROR] IEDB mhcii_el failed after 3 attempts -- allele=HLA-DPA1*01:03/DPB1*02:01 -- treated as no-prediction, NOT cached.
[WARNING] IEDB mhcii_el HTTP 403 (attempt 3/3) -- allele=HLA-DPA1*01:03/DPB1*03:01
[ERROR] IEDB mhcii_el failed after 3 attempts -- allele=HLA-DPA1*01:03/DPB1*03:01 -- treated as no-prediction, NOT cached.
[WARNING] IEDB mhcii_el HTTP 403 (attempt 3/3) -- allele=HLA-DPA1*01:03/DPB1*03:01
[ERROR] IEDB mhcii_el failed after 3 attempts -- allele=HLA-DPA1*01:03/DPB1*03:01 -- treated as no-prediction, NOT cached.
[PROCESS] MHC-II junction scan 20/297
[WARNING] IEDB mhcii_el HTTP 403 (attempt 1/3) -- allele=HLA-DPA1*01:03/DPB1*03:01
[WARNING] IEDB mhcii_el HTTP 403 (attempt 1/3) -- allele=HLA-DPA1*01:03/DPB1*03:01
[WARNING] IEDB mhcii_el HTTP 403 (attempt 1/3) -- allele=HLA-DPA1*01:03/DPB1*03:01
[WARNING] IEDB mhcii_el HTTP 403 (attempt 1/3) -- allele=HLA-DPA1*01:03/DPB1*03:01
[WARNING] IEDB mhcii_el HTTP 403 (attempt 2/3) -- allele=HLA-DPA1*01:03/DPB1*03:01
[WARNING] IEDB mhcii_el HTTP 403 (attempt 2/3) -- allele=HLA-DPA1*01:03/DPB1*03:01
[WARNING] IEDB mhcii_el HTTP 403 (attempt 2/3) -- allele=HLA-DPA1*01:03/DPB1*03:01
[WARNING] IEDB mhcii_el HTTP 403 (attempt 2/3) -- allele=HLA-DPA1*01:03/DPB1*03:01
[WARNING] IEDB mhcii_el HTTP 403 (attempt 3/3) -- allele=HLA-DPA1*01:03/DPB1*03:01
[ERROR] IEDB mhcii_el failed after 3 attempts -- allele=HLA-DPA1*01:03/DPB1*03:01 -- treated as no-prediction, NOT cached.
[WARNING] IEDB mhcii_el HTTP 403 (attempt 3/3) -- allele=HLA-DPA1*01:03/DPB1*03:01
[ERROR] IEDB mhcii_el failed after 3 attempts -- allele=HLA-DPA1*01:03/DPB1*03:01 -- treated as no-prediction, NOT cached.
[WARNING] IEDB mhcii_el HTTP 403 (attempt 3/3) -- allele=HLA-DPA1*01:03/DPB1*03:01
[ERROR] IEDB mhcii_el failed after 3 attempts -- allele=HLA-DPA1*01:03/DPB1*03:01 -- treated as no-prediction, NOT cached.
[WARNING] IEDB mhcii_el HTTP 403 (attempt 1/3) -- allele=HLA-DPA1*01:03/DPB1*03:01
[WARNING] IEDB mhcii_el HTTP 403 (attempt 3/3) -- allele=HLA-DPA1*01:03/DPB1*03:01
[ERROR] IEDB mhcii_el failed after 3 attempts -- allele=HLA-DPA1*01:03/DPB1*03:01 -- treated as no-prediction, NOT cached.
[WARNING] IEDB mhcii_el HTTP 403 (attempt 1/3) -- allele=HLA-DPA1*01:03/DPB1*03:01
[WARNING] IEDB mhcii_el HTTP 403 (attempt 1/3) -- allele=HLA-DPA1*01:03/DPB1*03:01
[WARNING] IEDB mhcii_el HTTP 403 (attempt 1/3) -- allele=HLA-DPA1*01:03/DPB1*04:01
[WARNING] IEDB mhcii_el HTTP 403 (attempt 2/3) -- allele=HLA-DPA1*01:03/DPB1*03:01
[WARNING] IEDB mhcii_el HTTP 403 (attempt 2/3) -- allele=HLA-DPA1*01:03/DPB1*03:01
[WARNING] IEDB mhcii_el HTTP 403 (attempt 2/3) -- allele=HLA-DPA1*01:03/DPB1*03:01
[WARNING] IEDB mhcii_el HTTP 403 (attempt 2/3) -- allele=HLA-DPA1*01:03/DPB1*04:01
[WARNING] IEDB mhcii_el HTTP 403 (attempt 3/3) -- allele=HLA-DPA1*01:03/DPB1*03:01
[ERROR] IEDB mhcii_el failed after 3 attempts -- allele=HLA-DPA1*01:03/DPB1*03:01 -- treated as no-prediction, NOT cached.
[WARNING] IEDB mhcii_el HTTP 403 (attempt 3/3) -- allele=HLA-DPA1*01:03/DPB1*03:01
[ERROR] IEDB mhcii_el failed after 3 attempts -- allele=HLA-DPA1*01:03/DPB1*03:01 -- treated as no-prediction, NOT cached.
[WARNING] IEDB mhcii_el HTTP 403 (attempt 3/3) -- allele=HLA-DPA1*01:03/DPB1*03:01
[ERROR] IEDB mhcii_el failed after 3 attempts -- allele=HLA-DPA1*01:03/DPB1*03:01 -- treated as no-prediction, NOT cached.
[WARNING] IEDB mhcii_el HTTP 403 (attempt 3/3) -- allele=HLA-DPA1*01:03/DPB1*04:01
[ERROR] IEDB mhcii_el failed after 3 attempts -- allele=HLA-DPA1*01:03/DPB1*04:01 -- treated as no-prediction, NOT cached.
[WARNING] IEDB mhcii_el HTTP 403 (attempt 1/3) -- allele=HLA-DPA1*01:03/DPB1*04:01
[WARNING] IEDB mhcii_el HTTP 403 (attempt 1/3) -- allele=HLA-DPA1*01:03/DPB1*04:01
[WARNING] IEDB mhcii_el HTTP 403 (attempt 1/3) -- allele=HLA-DPA1*01:03/DPB1*04:01
[WARNING] IEDB mhcii_el HTTP 403 (attempt 1/3) -- allele=HLA-DPA1*01:03/DPB1*04:01
[WARNING] IEDB mhcii_el HTTP 403 (attempt 2/3) -- allele=HLA-DPA1*01:03/DPB1*04:01
[WARNING] IEDB mhcii_el HTTP 403 (attempt 2/3) -- allele=HLA-DPA1*01:03/DPB1*04:01
[WARNING] IEDB mhcii_el HTTP 403 (attempt 2/3) -- allele=HLA-DPA1*01:03/DPB1*04:01
[WARNING] IEDB mhcii_el HTTP 403 (attempt 2/3) -- allele=HLA-DPA1*01:03/DPB1*04:01
[WARNING] IEDB mhcii_el HTTP 403 (attempt 3/3) -- allele=HLA-DPA1*01:03/DPB1*04:01
[ERROR] IEDB mhcii_el failed after 3 attempts -- allele=HLA-DPA1*01:03/DPB1*04:01 -- treated as no-prediction, NOT cached.
[WARNING] IEDB mhcii_el HTTP 403 (attempt 3/3) -- allele=HLA-DPA1*01:03/DPB1*04:01
[ERROR] IEDB mhcii_el failed after 3 attempts -- allele=HLA-DPA1*01:03/DPB1*04:01 -- treated as no-prediction, NOT cached.
[PROCESS] MHC-II junction scan 30/297
[WARNING] IEDB mhcii_el HTTP 403 (attempt 3/3) -- allele=HLA-DPA1*01:03/DPB1*04:01
[ERROR] IEDB mhcii_el failed after 3 attempts -- allele=HLA-DPA1*01:03/DPB1*04:01 -- treated as no-prediction, NOT cached.
[WARNING] IEDB mhcii_el HTTP 403 (attempt 3/3) -- allele=HLA-DPA1*01:03/DPB1*04:01
[ERROR] IEDB mhcii_el failed after 3 attempts -- allele=HLA-DPA1*01:03/DPB1*04:01 -- treated as no-prediction, NOT cached.
[WARNING] IEDB mhcii_el HTTP 403 (attempt 1/3) -- allele=HLA-DPA1*01:03/DPB1*04:01
[WARNING] IEDB mhcii_el HTTP 403 (attempt 1/3) -- allele=HLA-DPA1*01:03/DPB1*04:01[WARNING] IEDB mhcii_el HTTP 403 (attempt 1/3) -- allele=HLA-DPA1*01:03/DPB1*04:01

[WARNING] IEDB mhcii_el HTTP 403 (attempt 1/3) -- allele=HLA-DPA1*01:03/DPB1*04:01
[WARNING] IEDB mhcii_el HTTP 403 (attempt 2/3) -- allele=HLA-DPA1*01:03/DPB1*04:01
[WARNING] IEDB mhcii_el HTTP 403 (attempt 2/3) -- allele=HLA-DPA1*01:03/DPB1*04:01
[WARNING] IEDB mhcii_el HTTP 403 (attempt 2/3) -- allele=HLA-DPA1*01:03/DPB1*04:01
[WARNING] IEDB mhcii_el HTTP 403 (attempt 2/3) -- allele=HLA-DPA1*01:03/DPB1*04:01
[WARNING] IEDB mhcii_el HTTP 403 (attempt 3/3) -- allele=HLA-DPA1*01:03/DPB1*04:01
[ERROR] IEDB mhcii_el failed after 3 attempts -- allele=HLA-DPA1*01:03/DPB1*04:01 -- treated as no-prediction, NOT cached.
[WARNING] IEDB mhcii_el HTTP 403 (attempt 3/3) -- allele=HLA-DPA1*01:03/DPB1*04:01
[ERROR] IEDB mhcii_el failed after 3 attempts -- allele=HLA-DPA1*01:03/DPB1*04:01 -- treated as no-prediction, NOT cached.
[WARNING] IEDB mhcii_el HTTP 403 (attempt 3/3) -- allele=HLA-DPA1*01:03/DPB1*04:01
[ERROR] IEDB mhcii_el failed after 3 attempts -- allele=HLA-DPA1*01:03/DPB1*04:01 -- treated as no-prediction, NOT cached.
[WARNING] IEDB mhcii_el HTTP 403 (attempt 3/3) -- allele=HLA-DPA1*01:03/DPB1*04:01
[ERROR] IEDB mhcii_el failed after 3 attempts -- allele=HLA-DPA1*01:03/DPB1*04:01 -- treated as no-prediction, NOT cached.
[WARNING] IEDB mhcii_el HTTP 403 (attempt 1/3) -- allele=HLA-DPA1*01:03/DPB1*04:02
[WARNING] IEDB mhcii_el HTTP 403 (attempt 1/3) -- allele=HLA-DPA1*01:03/DPB1*04:02
[WARNING] IEDB mhcii_el HTTP 403 (attempt 1/3) -- allele=HLA-DPA1*01:03/DPB1*04:02
[WARNING] IEDB mhcii_el HTTP 403 (attempt 1/3) -- allele=HLA-DPA1*01:03/DPB1*04:02
[WARNING] IEDB mhcii_el HTTP 403 (attempt 2/3) -- allele=HLA-DPA1*01:03/DPB1*04:02
[WARNING] IEDB mhcii_el HTTP 403 (attempt 2/3) -- allele=HLA-DPA1*01:03/DPB1*04:02
[WARNING] IEDB mhcii_el HTTP 403 (attempt 2/3) -- allele=HLA-DPA1*01:03/DPB1*04:02
[WARNING] IEDB mhcii_el HTTP 403 (attempt 2/3) -- allele=HLA-DPA1*01:03/DPB1*04:02
[WARNING] IEDB mhcii_el HTTP 403 (attempt 3/3) -- allele=HLA-DPA1*01:03/DPB1*04:02
[ERROR] IEDB mhcii_el failed after 3 attempts -- allele=HLA-DPA1*01:03/DPB1*04:02 -- treated as no-prediction, NOT cached.
[WARNING] IEDB mhcii_el HTTP 403 (attempt 3/3) -- allele=HLA-DPA1*01:03/DPB1*04:02
[ERROR] IEDB mhcii_el failed after 3 attempts -- allele=HLA-DPA1*01:03/DPB1*04:02 -- treated as no-prediction, NOT cached.
[WARNING] IEDB mhcii_el HTTP 403 (attempt 3/3) -- allele=HLA-DPA1*01:03/DPB1*04:02
[ERROR] IEDB mhcii_el failed after 3 attempts -- allele=HLA-DPA1*01:03/DPB1*04:02 -- treated as no-prediction, NOT cached.
[WARNING] IEDB mhcii_el HTTP 403 (attempt 3/3) -- allele=HLA-DPA1*01:03/DPB1*04:02
[ERROR] IEDB mhcii_el failed after 3 attempts -- allele=HLA-DPA1*01:03/DPB1*04:02 -- treated as no-prediction, NOT cached.
[PROCESS] MHC-II junction scan 40/297
[WARNING] IEDB mhcii_el HTTP 403 (attempt 1/3) -- allele=HLA-DPA1*01:03/DPB1*04:02
[WARNING] IEDB mhcii_el HTTP 403 (attempt 1/3) -- allele=HLA-DPA1*01:03/DPB1*04:02
[WARNING] IEDB mhcii_el HTTP 403 (attempt 1/3) -- allele=HLA-DPA1*01:03/DPB1*04:02
[WARNING] IEDB mhcii_el HTTP 403 (attempt 1/3) -- allele=HLA-DPA1*01:03/DPB1*04:02
[WARNING] IEDB mhcii_el HTTP 403 (attempt 2/3) -- allele=HLA-DPA1*01:03/DPB1*04:02
[WARNING] IEDB mhcii_el HTTP 403 (attempt 2/3) -- allele=HLA-DPA1*01:03/DPB1*04:02
[WARNING] IEDB mhcii_el HTTP 403 (attempt 2/3) -- allele=HLA-DPA1*01:03/DPB1*04:02
[WARNING] IEDB mhcii_el HTTP 403 (attempt 2/3) -- allele=HLA-DPA1*01:03/DPB1*04:02
[WARNING] IEDB mhcii_el HTTP 403 (attempt 3/3) -- allele=HLA-DPA1*01:03/DPB1*04:02
[ERROR] IEDB mhcii_el failed after 3 attempts -- allele=HLA-DPA1*01:03/DPB1*04:02 -- treated as no-prediction, NOT cached.
[WARNING] IEDB mhcii_el HTTP 403 (attempt 3/3) -- allele=HLA-DPA1*01:03/DPB1*04:02[WARNING] IEDB mhcii_el HTTP 403 (attempt 3/3) -- allele=HLA-DPA1*01:03/DPB1*04:02
[ERROR] IEDB mhcii_el failed after 3 attempts -- allele=HLA-DPA1*01:03/DPB1*04:02 -- treated as no-prediction, NOT cached.

[ERROR] IEDB mhcii_el failed after 3 attempts -- allele=HLA-DPA1*01:03/DPB1*04:02 -- treated as no-prediction, NOT cached.
[WARNING] IEDB mhcii_el HTTP 403 (attempt 1/3) -- allele=HLA-DPA1*01:03/DPB1*04:02
[WARNING] IEDB mhcii_el HTTP 403 (attempt 3/3) -- allele=HLA-DPA1*01:03/DPB1*04:02
[ERROR] IEDB mhcii_el failed after 3 attempts -- allele=HLA-DPA1*01:03/DPB1*04:02 -- treated as no-prediction, NOT cached.
[WARNING] IEDB mhcii_el HTTP 403 (attempt 1/3) -- allele=HLA-DPA1*01:03/DPB1*05:01
[WARNING] IEDB mhcii_el HTTP 403 (attempt 1/3) -- allele=HLA-DPA1*01:03/DPB1*05:01
[WARNING] IEDB mhcii_el HTTP 403 (attempt 1/3) -- allele=HLA-DPA1*01:03/DPB1*05:01
[WARNING] IEDB mhcii_el HTTP 403 (attempt 2/3) -- allele=HLA-DPA1*01:03/DPB1*04:02
[WARNING] IEDB mhcii_el HTTP 403 (attempt 2/3) -- allele=HLA-DPA1*01:03/DPB1*05:01
[WARNING] IEDB mhcii_el HTTP 403 (attempt 2/3) -- allele=HLA-DPA1*01:03/DPB1*05:01
[WARNING] IEDB mhcii_el HTTP 403 (attempt 2/3) -- allele=HLA-DPA1*01:03/DPB1*05:01
[WARNING] IEDB mhcii_el HTTP 403 (attempt 3/3) -- allele=HLA-DPA1*01:03/DPB1*04:02
[ERROR] IEDB mhcii_el failed after 3 attempts -- allele=HLA-DPA1*01:03/DPB1*04:02 -- treated as no-prediction, NOT cached.
[WARNING] IEDB mhcii_el HTTP 403 (attempt 3/3) -- allele=HLA-DPA1*01:03/DPB1*05:01
[ERROR] IEDB mhcii_el failed after 3 attempts -- allele=HLA-DPA1*01:03/DPB1*05:01 -- treated as no-prediction, NOT cached.
[WARNING] IEDB mhcii_el HTTP 403 (attempt 3/3) -- allele=HLA-DPA1*01:03/DPB1*05:01
[ERROR] IEDB mhcii_el failed after 3 attempts -- allele=HLA-DPA1*01:03/DPB1*05:01 -- treated as no-prediction, NOT cached.
[WARNING] IEDB mhcii_el HTTP 403 (attempt 1/3) -- allele=HLA-DPA1*01:03/DPB1*05:01
[WARNING] IEDB mhcii_el HTTP 403 (attempt 3/3) -- allele=HLA-DPA1*01:03/DPB1*05:01
[ERROR] IEDB mhcii_el failed after 3 attempts -- allele=HLA-DPA1*01:03/DPB1*05:01 -- treated as no-prediction, NOT cached.
[WARNING] IEDB mhcii_el HTTP 403 (attempt 1/3) -- allele=HLA-DPA1*01:03/DPB1*05:01
[WARNING] IEDB mhcii_el HTTP 403 (attempt 1/3) -- allele=HLA-DPA1*01:03/DPB1*05:01
[WARNING] IEDB mhcii_el HTTP 403 (attempt 1/3) -- allele=HLA-DPA1*01:03/DPB1*05:01
[WARNING] IEDB mhcii_el HTTP 403 (attempt 2/3) -- allele=HLA-DPA1*01:03/DPB1*05:01
[WARNING] IEDB mhcii_el HTTP 403 (attempt 2/3) -- allele=HLA-DPA1*01:03/DPB1*05:01
[WARNING] IEDB mhcii_el HTTP 403 (attempt 2/3) -- allele=HLA-DPA1*01:03/DPB1*05:01
[WARNING] IEDB mhcii_el HTTP 403 (attempt 2/3) -- allele=HLA-DPA1*01:03/DPB1*05:01
[WARNING] IEDB mhcii_el HTTP 403 (attempt 3/3) -- allele=HLA-DPA1*01:03/DPB1*05:01
[ERROR] IEDB mhcii_el failed after 3 attempts -- allele=HLA-DPA1*01:03/DPB1*05:01 -- treated as no-prediction, NOT cached.
[WARNING] IEDB mhcii_el HTTP 403 (attempt 3/3) -- allele=HLA-DPA1*01:03/DPB1*05:01
[ERROR] IEDB mhcii_el failed after 3 attempts -- allele=HLA-DPA1*01:03/DPB1*05:01 -- treated as no-prediction, NOT cached.
[PROCESS] MHC-II junction scan 50/297
[WARNING] IEDB mhcii_el HTTP 403 (attempt 3/3) -- allele=HLA-DPA1*01:03/DPB1*05:01
[ERROR] IEDB mhcii_el failed after 3 attempts -- allele=HLA-DPA1*01:03/DPB1*05:01 -- treated as no-prediction, NOT cached.
[WARNING] IEDB mhcii_el HTTP 403 (attempt 1/3) -- allele=HLA-DPA1*01:03/DPB1*05:01
[WARNING] IEDB mhcii_el HTTP 403 (attempt 1/3) -- allele=HLA-DPA1*01:03/DPB1*05:01
[WARNING] IEDB mhcii_el HTTP 403 (attempt 3/3) -- allele=HLA-DPA1*01:03/DPB1*05:01
[ERROR] IEDB mhcii_el failed after 3 attempts -- allele=HLA-DPA1*01:03/DPB1*05:01 -- treated as no-prediction, NOT cached.
[WARNING] IEDB mhcii_el HTTP 403 (attempt 1/3) -- allele=HLA-DPA1*02:01/DPB1*09:01
[WARNING] IEDB mhcii_el HTTP 403 (attempt 1/3) -- allele=HLA-DPA1*02:01/DPB1*09:01
[WARNING] IEDB mhcii_el HTTP 403 (attempt 2/3) -- allele=HLA-DPA1*01:03/DPB1*05:01
[WARNING] IEDB mhcii_el HTTP 403 (attempt 2/3) -- allele=HLA-DPA1*01:03/DPB1*05:01
[WARNING] IEDB mhcii_el HTTP 403 (attempt 2/3) -- allele=HLA-DPA1*02:01/DPB1*09:01
[WARNING] IEDB mhcii_el HTTP 403 (attempt 2/3) -- allele=HLA-DPA1*02:01/DPB1*09:01
[WARNING] IEDB mhcii_el HTTP 403 (attempt 3/3) -- allele=HLA-DPA1*01:03/DPB1*05:01
[ERROR] IEDB mhcii_el failed after 3 attempts -- allele=HLA-DPA1*01:03/DPB1*05:01 -- treated as no-prediction, NOT cached.
[WARNING] IEDB mhcii_el HTTP 403 (attempt 3/3) -- allele=HLA-DPA1*01:03/DPB1*05:01
[ERROR] IEDB mhcii_el failed after 3 attempts -- allele=HLA-DPA1*01:03/DPB1*05:01 -- treated as no-prediction, NOT cached.
[WARNING] IEDB mhcii_el HTTP 403 (attempt 3/3) -- allele=HLA-DPA1*02:01/DPB1*09:01
[ERROR] IEDB mhcii_el failed after 3 attempts -- allele=HLA-DPA1*02:01/DPB1*09:01 -- treated as no-prediction, NOT cached.
[WARNING] IEDB mhcii_el HTTP 403 (attempt 1/3) -- allele=HLA-DPA1*02:01/DPB1*09:01
[WARNING] IEDB mhcii_el HTTP 403 (attempt 1/3) -- allele=HLA-DPA1*02:01/DPB1*09:01
[WARNING] IEDB mhcii_el HTTP 403 (attempt 3/3) -- allele=HLA-DPA1*02:01/DPB1*09:01
[ERROR] IEDB mhcii_el failed after 3 attempts -- allele=HLA-DPA1*02:01/DPB1*09:01 -- treated as no-prediction, NOT cached.
[WARNING] IEDB mhcii_el HTTP 403 (attempt 1/3) -- allele=HLA-DPA1*02:01/DPB1*09:01
[WARNING] IEDB mhcii_el HTTP 403 (attempt 1/3) -- allele=HLA-DPA1*02:01/DPB1*09:01
[WARNING] IEDB mhcii_el HTTP 403 (attempt 2/3) -- allele=HLA-DPA1*02:01/DPB1*09:01
[WARNING] IEDB mhcii_el HTTP 403 (attempt 2/3) -- allele=HLA-DPA1*02:01/DPB1*09:01
[WARNING] IEDB mhcii_el HTTP 403 (attempt 2/3) -- allele=HLA-DPA1*02:01/DPB1*09:01
[WARNING] IEDB mhcii_el HTTP 403 (attempt 2/3) -- allele=HLA-DPA1*02:01/DPB1*09:01
[WARNING] IEDB mhcii_el HTTP 403 (attempt 3/3) -- allele=HLA-DPA1*02:01/DPB1*09:01
[ERROR] IEDB mhcii_el failed after 3 attempts -- allele=HLA-DPA1*02:01/DPB1*09:01 -- treated as no-prediction, NOT cached.
[WARNING] IEDB mhcii_el HTTP 403 (attempt 3/3) -- allele=HLA-DPA1*02:01/DPB1*09:01
[ERROR] IEDB mhcii_el failed after 3 attempts -- allele=HLA-DPA1*02:01/DPB1*09:01 -- treated as no-prediction, NOT cached.
[WARNING] IEDB mhcii_el HTTP 403 (attempt 3/3) -- allele=HLA-DPA1*02:01/DPB1*09:01
[ERROR] IEDB mhcii_el failed after 3 attempts -- allele=HLA-DPA1*02:01/DPB1*09:01 -- treated as no-prediction, NOT cached.
[WARNING] IEDB mhcii_el HTTP 403 (attempt 1/3) -- allele=HLA-DPA1*02:01/DPB1*09:01
[WARNING] IEDB mhcii_el HTTP 403 (attempt 1/3) -- allele=HLA-DPA1*02:01/DPB1*09:01
[WARNING] IEDB mhcii_el HTTP 403 (attempt 1/3) -- allele=HLA-DPA1*02:01/DPB1*09:01
[WARNING] IEDB mhcii_el HTTP 403 (attempt 3/3) -- allele=HLA-DPA1*02:01/DPB1*09:01
[ERROR] IEDB mhcii_el failed after 3 attempts -- allele=HLA-DPA1*02:01/DPB1*09:01 -- treated as no-prediction, NOT cached.
[PROCESS] MHC-II junction scan 60/297
[WARNING] IEDB mhcii_el HTTP 403 (attempt 1/3) -- allele=HLA-DPA1*01:03/DPB1*14:01
[WARNING] IEDB mhcii_el HTTP 403 (attempt 2/3) -- allele=HLA-DPA1*02:01/DPB1*09:01
[WARNING] IEDB mhcii_el HTTP 403 (attempt 2/3) -- allele=HLA-DPA1*02:01/DPB1*09:01
[WARNING] IEDB mhcii_el HTTP 403 (attempt 2/3) -- allele=HLA-DPA1*02:01/DPB1*09:01
[WARNING] IEDB mhcii_el HTTP 403 (attempt 2/3) -- allele=HLA-DPA1*01:03/DPB1*14:01
[WARNING] IEDB mhcii_el HTTP 403 (attempt 3/3) -- allele=HLA-DPA1*02:01/DPB1*09:01
[ERROR] IEDB mhcii_el failed after 3 attempts -- allele=HLA-DPA1*02:01/DPB1*09:01 -- treated as no-prediction, NOT cached.
[WARNING] IEDB mhcii_el HTTP 403 (attempt 3/3) -- allele=HLA-DPA1*02:01/DPB1*09:01
[ERROR] IEDB mhcii_el failed after 3 attempts -- allele=HLA-DPA1*02:01/DPB1*09:01 -- treated as no-prediction, NOT cached.
[WARNING] IEDB mhcii_el HTTP 403 (attempt 3/3) -- allele=HLA-DPA1*02:01/DPB1*09:01
[ERROR] IEDB mhcii_el failed after 3 attempts -- allele=HLA-DPA1*02:01/DPB1*09:01 -- treated as no-prediction, NOT cached.
[WARNING] IEDB mhcii_el HTTP 403 (attempt 1/3) -- allele=HLA-DPA1*01:03/DPB1*14:01
[WARNING] IEDB mhcii_el HTTP 403 (attempt 1/3) -- allele=HLA-DPA1*01:03/DPB1*14:01
[WARNING] IEDB mhcii_el HTTP 403 (attempt 3/3) -- allele=HLA-DPA1*01:03/DPB1*14:01
[ERROR] IEDB mhcii_el failed after 3 attempts -- allele=HLA-DPA1*01:03/DPB1*14:01 -- treated as no-prediction, NOT cached.
[WARNING] IEDB mhcii_el HTTP 403 (attempt 1/3) -- allele=HLA-DPA1*01:03/DPB1*14:01
[WARNING] IEDB mhcii_el HTTP 403 (attempt 1/3) -- allele=HLA-DPA1*01:03/DPB1*14:01
[WARNING] IEDB mhcii_el HTTP 403 (attempt 2/3) -- allele=HLA-DPA1*01:03/DPB1*14:01
[WARNING] IEDB mhcii_el HTTP 403 (attempt 2/3) -- allele=HLA-DPA1*01:03/DPB1*14:01
[WARNING] IEDB mhcii_el HTTP 403 (attempt 2/3) -- allele=HLA-DPA1*01:03/DPB1*14:01
[WARNING] IEDB mhcii_el HTTP 403 (attempt 2/3) -- allele=HLA-DPA1*01:03/DPB1*14:01
[WARNING] IEDB mhcii_el HTTP 403 (attempt 3/3) -- allele=HLA-DPA1*01:03/DPB1*14:01
[ERROR] IEDB mhcii_el failed after 3 attempts -- allele=HLA-DPA1*01:03/DPB1*14:01 -- treated as no-prediction, NOT cached.
[WARNING] IEDB mhcii_el HTTP 403 (attempt 3/3) -- allele=HLA-DPA1*01:03/DPB1*14:01
[ERROR] IEDB mhcii_el failed after 3 attempts -- allele=HLA-DPA1*01:03/DPB1*14:01 -- treated as no-prediction, NOT cached.
[WARNING] IEDB mhcii_el HTTP 403 (attempt 3/3) -- allele=HLA-DPA1*01:03/DPB1*14:01
[ERROR] IEDB mhcii_el failed after 3 attempts -- allele=HLA-DPA1*01:03/DPB1*14:01 -- treated as no-prediction, NOT cached.
[WARNING] IEDB mhcii_el HTTP 403 (attempt 3/3) -- allele=HLA-DPA1*01:03/DPB1*14:01
[ERROR] IEDB mhcii_el failed after 3 attempts -- allele=HLA-DPA1*01:03/DPB1*14:01 -- treated as no-prediction, NOT cached.
[WARNING] IEDB mhcii_el HTTP 403 (attempt 1/3) -- allele=HLA-DPA1*01:03/DPB1*14:01
[WARNING] IEDB mhcii_el HTTP 403 (attempt 1/3) -- allele=HLA-DPA1*01:03/DPB1*14:01
[WARNING] IEDB mhcii_el HTTP 403 (attempt 1/3) -- allele=HLA-DPA1*01:03/DPB1*14:01
[WARNING] IEDB mhcii_el HTTP 403 (attempt 1/3) -- allele=HLA-DPA1*01:03/DPB1*14:01
[WARNING] IEDB mhcii_el HTTP 403 (attempt 2/3) -- allele=HLA-DPA1*01:03/DPB1*14:01
[WARNING] IEDB mhcii_el HTTP 403 (attempt 2/3) -- allele=HLA-DPA1*01:03/DPB1*14:01
[WARNING] IEDB mhcii_el HTTP 403 (attempt 2/3) -- allele=HLA-DPA1*01:03/DPB1*14:01
[WARNING] IEDB mhcii_el HTTP 403 (attempt 2/3) -- allele=HLA-DPA1*01:03/DPB1*14:01
[WARNING] IEDB mhcii_el HTTP 403 (attempt 3/3) -- allele=HLA-DPA1*01:03/DPB1*14:01
[ERROR] IEDB mhcii_el failed after 3 attempts -- allele=HLA-DPA1*01:03/DPB1*14:01 -- treated as no-prediction, NOT cached.
[WARNING] IEDB mhcii_el HTTP 403 (attempt 3/3) -- allele=HLA-DPA1*01:03/DPB1*14:01
[ERROR] IEDB mhcii_el failed after 3 attempts -- allele=HLA-DPA1*01:03/DPB1*14:01 -- treated as no-prediction, NOT cached.
[PROCESS] MHC-II junction scan 70/297
[WARNING] IEDB mhcii_el HTTP 403 (attempt 3/3) -- allele=HLA-DPA1*01:03/DPB1*14:01
[ERROR] IEDB mhcii_el failed after 3 attempts -- allele=HLA-DPA1*01:03/DPB1*14:01 -- treated as no-prediction, NOT cached.
[WARNING] IEDB mhcii_el HTTP 403 (attempt 3/3) -- allele=HLA-DPA1*01:03/DPB1*14:01
[ERROR] IEDB mhcii_el failed after 3 attempts -- allele=HLA-DPA1*01:03/DPB1*14:01 -- treated as no-prediction, NOT cached.
[WARNING] IEDB mhcii_el HTTP 403 (attempt 1/3) -- allele=HLA-DQA1*05:01/DQB1*02:01
[WARNING] IEDB mhcii_el HTTP 403 (attempt 1/3) -- allele=HLA-DQA1*05:01/DQB1*02:01
[WARNING] IEDB mhcii_el HTTP 403 (attempt 1/3) -- allele=HLA-DQA1*05:01/DQB1*02:01
[WARNING] IEDB mhcii_el HTTP 403 (attempt 1/3) -- allele=HLA-DQA1*05:01/DQB1*02:01
[WARNING] IEDB mhcii_el HTTP 403 (attempt 2/3) -- allele=HLA-DQA1*05:01/DQB1*02:01
[WARNING] IEDB mhcii_el HTTP 403 (attempt 2/3) -- allele=HLA-DQA1*05:01/DQB1*02:01
[WARNING] IEDB mhcii_el HTTP 403 (attempt 2/3) -- allele=HLA-DQA1*05:01/DQB1*02:01
[WARNING] IEDB mhcii_el HTTP 403 (attempt 2/3) -- allele=HLA-DQA1*05:01/DQB1*02:01
[WARNING] IEDB mhcii_el HTTP 403 (attempt 3/3) -- allele=HLA-DQA1*05:01/DQB1*02:01
[ERROR] IEDB mhcii_el failed after 3 attempts -- allele=HLA-DQA1*05:01/DQB1*02:01 -- treated as no-prediction, NOT cached.
[WARNING] IEDB mhcii_el HTTP 403 (attempt 3/3) -- allele=HLA-DQA1*05:01/DQB1*02:01
[ERROR] IEDB mhcii_el failed after 3 attempts -- allele=HLA-DQA1*05:01/DQB1*02:01 -- treated as no-prediction, NOT cached.
[WARNING] IEDB mhcii_el HTTP 403 (attempt 3/3) -- allele=HLA-DQA1*05:01/DQB1*02:01
[ERROR] IEDB mhcii_el failed after 3 attempts -- allele=HLA-DQA1*05:01/DQB1*02:01 -- treated as no-prediction, NOT cached.
[WARNING] IEDB mhcii_el HTTP 403 (attempt 3/3) -- allele=HLA-DQA1*05:01/DQB1*02:01
[ERROR] IEDB mhcii_el failed after 3 attempts -- allele=HLA-DQA1*05:01/DQB1*02:01 -- treated as no-prediction, NOT cached.
[WARNING] IEDB mhcii_el HTTP 403 (attempt 1/3) -- allele=HLA-DQA1*05:01/DQB1*02:01
[WARNING] IEDB mhcii_el HTTP 403 (attempt 1/3) -- allele=HLA-DQA1*05:01/DQB1*02:01
[WARNING] IEDB mhcii_el HTTP 403 (attempt 1/3) -- allele=HLA-DQA1*05:01/DQB1*02:01
[WARNING] IEDB mhcii_el HTTP 403 (attempt 1/3) -- allele=HLA-DQA1*05:01/DQB1*02:01
[WARNING] IEDB mhcii_el HTTP 403 (attempt 2/3) -- allele=HLA-DQA1*05:01/DQB1*02:01
[WARNING] IEDB mhcii_el HTTP 403 (attempt 2/3) -- allele=HLA-DQA1*05:01/DQB1*02:01
[WARNING] IEDB mhcii_el HTTP 403 (attempt 2/3) -- allele=HLA-DQA1*05:01/DQB1*02:01
[WARNING] IEDB mhcii_el HTTP 403 (attempt 2/3) -- allele=HLA-DQA1*05:01/DQB1*02:01
[WARNING] IEDB mhcii_el HTTP 403 (attempt 3/3) -- allele=HLA-DQA1*05:01/DQB1*02:01
[ERROR] IEDB mhcii_el failed after 3 attempts -- allele=HLA-DQA1*05:01/DQB1*02:01 -- treated as no-prediction, NOT cached.
[WARNING] IEDB mhcii_el HTTP 403 (attempt 3/3) -- allele=HLA-DQA1*05:01/DQB1*02:01
[ERROR] IEDB mhcii_el failed after 3 attempts -- allele=HLA-DQA1*05:01/DQB1*02:01 -- treated as no-prediction, NOT cached.
[WARNING] IEDB mhcii_el HTTP 403 (attempt 1/3) -- allele=HLA-DQA1*05:01/DQB1*02:01
[WARNING] IEDB mhcii_el HTTP 403 (attempt 3/3) -- allele=HLA-DQA1*05:01/DQB1*02:01
[ERROR] IEDB mhcii_el failed after 3 attempts -- allele=HLA-DQA1*05:01/DQB1*02:01 -- treated as no-prediction, NOT cached.
[WARNING] IEDB mhcii_el HTTP 403 (attempt 3/3) -- allele=HLA-DQA1*05:01/DQB1*02:01
[ERROR] IEDB mhcii_el failed after 3 attempts -- allele=HLA-DQA1*05:01/DQB1*02:01 -- treated as no-prediction, NOT cached.
[PROCESS] MHC-II junction scan 80/297
[WARNING] IEDB mhcii_el HTTP 403 (attempt 1/3) -- allele=HLA-DQA1*05:01/DQB1*03:01
[WARNING] IEDB mhcii_el HTTP 403 (attempt 1/3) -- allele=HLA-DQA1*05:01/DQB1*03:01
[WARNING] IEDB mhcii_el HTTP 403 (attempt 1/3) -- allele=HLA-DQA1*05:01/DQB1*03:01
[WARNING] IEDB mhcii_el HTTP 403 (attempt 2/3) -- allele=HLA-DQA1*05:01/DQB1*02:01
[WARNING] IEDB mhcii_el HTTP 403 (attempt 2/3) -- allele=HLA-DQA1*05:01/DQB1*03:01
[WARNING] IEDB mhcii_el HTTP 403 (attempt 2/3) -- allele=HLA-DQA1*05:01/DQB1*03:01
[WARNING] IEDB mhcii_el HTTP 403 (attempt 2/3) -- allele=HLA-DQA1*05:01/DQB1*03:01
[WARNING] IEDB mhcii_el HTTP 403 (attempt 3/3) -- allele=HLA-DQA1*05:01/DQB1*03:01
[ERROR] IEDB mhcii_el failed after 3 attempts -- allele=HLA-DQA1*05:01/DQB1*03:01 -- treated as no-prediction, NOT cached.
[WARNING] IEDB mhcii_el HTTP 403 (attempt 3/3) -- allele=HLA-DQA1*05:01/DQB1*02:01
[ERROR] IEDB mhcii_el failed after 3 attempts -- allele=HLA-DQA1*05:01/DQB1*02:01 -- treated as no-prediction, NOT cached.
[WARNING] IEDB mhcii_el HTTP 403 (attempt 3/3) -- allele=HLA-DQA1*05:01/DQB1*03:01
[ERROR] IEDB mhcii_el failed after 3 attempts -- allele=HLA-DQA1*05:01/DQB1*03:01 -- treated as no-prediction, NOT cached.
[WARNING] IEDB mhcii_el HTTP 403 (attempt 3/3) -- allele=HLA-DQA1*05:01/DQB1*03:01
[ERROR] IEDB mhcii_el failed after 3 attempts -- allele=HLA-DQA1*05:01/DQB1*03:01 -- treated as no-prediction, NOT cached.
[WARNING] IEDB mhcii_el HTTP 403 (attempt 1/3) -- allele=HLA-DQA1*05:01/DQB1*03:01
[WARNING] IEDB mhcii_el HTTP 403 (attempt 1/3) -- allele=HLA-DQA1*05:01/DQB1*03:01
[WARNING] IEDB mhcii_el HTTP 403 (attempt 1/3) -- allele=HLA-DQA1*05:01/DQB1*03:01
[WARNING] IEDB mhcii_el HTTP 403 (attempt 1/3) -- allele=HLA-DQA1*05:01/DQB1*03:01
[WARNING] IEDB mhcii_el HTTP 403 (attempt 2/3) -- allele=HLA-DQA1*05:01/DQB1*03:01
[WARNING] IEDB mhcii_el HTTP 403 (attempt 2/3) -- allele=HLA-DQA1*05:01/DQB1*03:01
[WARNING] IEDB mhcii_el HTTP 403 (attempt 2/3) -- allele=HLA-DQA1*05:01/DQB1*03:01
[WARNING] IEDB mhcii_el HTTP 403 (attempt 2/3) -- allele=HLA-DQA1*05:01/DQB1*03:01
[WARNING] IEDB mhcii_el HTTP 403 (attempt 3/3) -- allele=HLA-DQA1*05:01/DQB1*03:01[WARNING] IEDB mhcii_el HTTP 403 (attempt 3/3) -- allele=HLA-DQA1*05:01/DQB1*03:01

[ERROR] IEDB mhcii_el failed after 3 attempts -- allele=HLA-DQA1*05:01/DQB1*03:01 -- treated as no-prediction, NOT cached.
[ERROR] IEDB mhcii_el failed after 3 attempts -- allele=HLA-DQA1*05:01/DQB1*03:01 -- treated as no-prediction, NOT cached.
[WARNING] IEDB mhcii_el HTTP 403 (attempt 1/3) -- allele=HLA-DQA1*05:01/DQB1*03:01
[WARNING] IEDB mhcii_el HTTP 403 (attempt 1/3) -- allele=HLA-DQA1*05:01/DQB1*03:01
[WARNING] IEDB mhcii_el HTTP 403 (attempt 3/3) -- allele=HLA-DQA1*05:01/DQB1*03:01
[ERROR] IEDB mhcii_el failed after 3 attempts -- allele=HLA-DQA1*05:01/DQB1*03:01 -- treated as no-prediction, NOT cached.
[WARNING] IEDB mhcii_el HTTP 403 (attempt 3/3) -- allele=HLA-DQA1*05:01/DQB1*03:01
[ERROR] IEDB mhcii_el failed after 3 attempts -- allele=HLA-DQA1*05:01/DQB1*03:01 -- treated as no-prediction, NOT cached.
[WARNING] IEDB mhcii_el HTTP 403 (attempt 1/3) -- allele=HLA-DQA1*04:01/DQB1*03:02
[WARNING] IEDB mhcii_el HTTP 403 (attempt 1/3) -- allele=HLA-DQA1*04:01/DQB1*03:02
[WARNING] IEDB mhcii_el HTTP 403 (attempt 2/3) -- allele=HLA-DQA1*05:01/DQB1*03:01
[WARNING] IEDB mhcii_el HTTP 403 (attempt 2/3) -- allele=HLA-DQA1*04:01/DQB1*03:02
[WARNING] IEDB mhcii_el HTTP 403 (attempt 2/3) -- allele=HLA-DQA1*04:01/DQB1*03:02
[WARNING] IEDB mhcii_el HTTP 403 (attempt 2/3) -- allele=HLA-DQA1*05:01/DQB1*03:01
[WARNING] IEDB mhcii_el HTTP 403 (attempt 3/3) -- allele=HLA-DQA1*05:01/DQB1*03:01
[ERROR] IEDB mhcii_el failed after 3 attempts -- allele=HLA-DQA1*05:01/DQB1*03:01 -- treated as no-prediction, NOT cached.
[WARNING] IEDB mhcii_el HTTP 403 (attempt 3/3) -- allele=HLA-DQA1*04:01/DQB1*03:02
[ERROR] IEDB mhcii_el failed after 3 attempts -- allele=HLA-DQA1*04:01/DQB1*03:02 -- treated as no-prediction, NOT cached.
[PROCESS] MHC-II junction scan 90/297
[WARNING] IEDB mhcii_el HTTP 403 (attempt 3/3) -- allele=HLA-DQA1*04:01/DQB1*03:02
[ERROR] IEDB mhcii_el failed after 3 attempts -- allele=HLA-DQA1*04:01/DQB1*03:02 -- treated as no-prediction, NOT cached.
[WARNING] IEDB mhcii_el HTTP 403 (attempt 1/3) -- allele=HLA-DQA1*04:01/DQB1*03:02
[WARNING] IEDB mhcii_el HTTP 403 (attempt 3/3) -- allele=HLA-DQA1*05:01/DQB1*03:01
[ERROR] IEDB mhcii_el failed after 3 attempts -- allele=HLA-DQA1*05:01/DQB1*03:01 -- treated as no-prediction, NOT cached.
[WARNING] IEDB mhcii_el HTTP 403 (attempt 1/3) -- allele=HLA-DQA1*04:01/DQB1*03:02
[WARNING] IEDB mhcii_el HTTP 403 (attempt 1/3) -- allele=HLA-DQA1*04:01/DQB1*03:02
[WARNING] IEDB mhcii_el HTTP 403 (attempt 1/3) -- allele=HLA-DQA1*04:01/DQB1*03:02
[WARNING] IEDB mhcii_el HTTP 403 (attempt 2/3) -- allele=HLA-DQA1*04:01/DQB1*03:02
[WARNING] IEDB mhcii_el HTTP 403 (attempt 2/3) -- allele=HLA-DQA1*04:01/DQB1*03:02
[WARNING] IEDB mhcii_el HTTP 403 (attempt 2/3) -- allele=HLA-DQA1*04:01/DQB1*03:02
[WARNING] IEDB mhcii_el HTTP 403 (attempt 2/3) -- allele=HLA-DQA1*04:01/DQB1*03:02
[WARNING] IEDB mhcii_el HTTP 403 (attempt 3/3) -- allele=HLA-DQA1*04:01/DQB1*03:02
[ERROR] IEDB mhcii_el failed after 3 attempts -- allele=HLA-DQA1*04:01/DQB1*03:02 -- treated as no-prediction, NOT cached.
[WARNING] IEDB mhcii_el HTTP 403 (attempt 3/3) -- allele=HLA-DQA1*04:01/DQB1*03:02
[ERROR] IEDB mhcii_el failed after 3 attempts -- allele=HLA-DQA1*04:01/DQB1*03:02 -- treated as no-prediction, NOT cached.
[WARNING] IEDB mhcii_el HTTP 403 (attempt 3/3) -- allele=HLA-DQA1*04:01/DQB1*03:02
[ERROR] IEDB mhcii_el failed after 3 attempts -- allele=HLA-DQA1*04:01/DQB1*03:02 -- treated as no-prediction, NOT cached.
[WARNING] IEDB mhcii_el HTTP 403 (attempt 1/3) -- allele=HLA-DQA1*04:01/DQB1*03:02
[WARNING] IEDB mhcii_el HTTP 403 (attempt 1/3) -- allele=HLA-DQA1*04:01/DQB1*03:02
[WARNING] IEDB mhcii_el HTTP 403 (attempt 1/3) -- allele=HLA-DQA1*04:01/DQB1*03:02
[WARNING] IEDB mhcii_el HTTP 403 (attempt 3/3) -- allele=HLA-DQA1*04:01/DQB1*03:02
[ERROR] IEDB mhcii_el failed after 3 attempts -- allele=HLA-DQA1*04:01/DQB1*03:02 -- treated as no-prediction, NOT cached.
[WARNING] IEDB mhcii_el HTTP 403 (attempt 1/3) -- allele=HLA-DQA1*01:01/DQB1*05:01
[WARNING] IEDB mhcii_el HTTP 403 (attempt 2/3) -- allele=HLA-DQA1*04:01/DQB1*03:02
[WARNING] IEDB mhcii_el HTTP 403 (attempt 2/3) -- allele=HLA-DQA1*04:01/DQB1*03:02
[WARNING] IEDB mhcii_el HTTP 403 (attempt 2/3) -- allele=HLA-DQA1*04:01/DQB1*03:02
[WARNING] IEDB mhcii_el HTTP 403 (attempt 2/3) -- allele=HLA-DQA1*01:01/DQB1*05:01
[WARNING] IEDB mhcii_el HTTP 403 (attempt 3/3) -- allele=HLA-DQA1*04:01/DQB1*03:02
[ERROR] IEDB mhcii_el failed after 3 attempts -- allele=HLA-DQA1*04:01/DQB1*03:02 -- treated as no-prediction, NOT cached.
[WARNING] IEDB mhcii_el HTTP 403 (attempt 3/3) -- allele=HLA-DQA1*04:01/DQB1*03:02
[ERROR] IEDB mhcii_el failed after 3 attempts -- allele=HLA-DQA1*04:01/DQB1*03:02 -- treated as no-prediction, NOT cached.
[WARNING] IEDB mhcii_el HTTP 403 (attempt 3/3) -- allele=HLA-DQA1*04:01/DQB1*03:02
[ERROR] IEDB mhcii_el failed after 3 attempts -- allele=HLA-DQA1*04:01/DQB1*03:02 -- treated as no-prediction, NOT cached.
[WARNING] IEDB mhcii_el HTTP 403 (attempt 1/3) -- allele=HLA-DQA1*01:01/DQB1*05:01
[WARNING] IEDB mhcii_el HTTP 403 (attempt 1/3) -- allele=HLA-DQA1*01:01/DQB1*05:01
[WARNING] IEDB mhcii_el HTTP 403 (attempt 3/3) -- allele=HLA-DQA1*01:01/DQB1*05:01
[ERROR] IEDB mhcii_el failed after 3 attempts -- allele=HLA-DQA1*01:01/DQB1*05:01 -- treated as no-prediction, NOT cached.
[PROCESS] MHC-II junction scan 100/297
[WARNING] IEDB mhcii_el HTTP 403 (attempt 1/3) -- allele=HLA-DQA1*01:01/DQB1*05:01
[WARNING] IEDB mhcii_el HTTP 403 (attempt 1/3) -- allele=HLA-DQA1*01:01/DQB1*05:01
[WARNING] IEDB mhcii_el HTTP 403 (attempt 2/3) -- allele=HLA-DQA1*01:01/DQB1*05:01
[WARNING] IEDB mhcii_el HTTP 403 (attempt 2/3) -- allele=HLA-DQA1*01:01/DQB1*05:01
[WARNING] IEDB mhcii_el HTTP 403 (attempt 2/3) -- allele=HLA-DQA1*01:01/DQB1*05:01
[WARNING] IEDB mhcii_el HTTP 403 (attempt 2/3) -- allele=HLA-DQA1*01:01/DQB1*05:01
[WARNING] IEDB mhcii_el HTTP 403 (attempt 3/3) -- allele=HLA-DQA1*01:01/DQB1*05:01
[ERROR] IEDB mhcii_el failed after 3 attempts -- allele=HLA-DQA1*01:01/DQB1*05:01 -- treated as no-prediction, NOT cached.
[WARNING] IEDB mhcii_el HTTP 403 (attempt 3/3) -- allele=HLA-DQA1*01:01/DQB1*05:01
[ERROR] IEDB mhcii_el failed after 3 attempts -- allele=HLA-DQA1*01:01/DQB1*05:01 -- treated as no-prediction, NOT cached.
[WARNING] IEDB mhcii_el HTTP 403 (attempt 3/3) -- allele=HLA-DQA1*01:01/DQB1*05:01
[ERROR] IEDB mhcii_el failed after 3 attempts -- allele=HLA-DQA1*01:01/DQB1*05:01 -- treated as no-prediction, NOT cached.
[WARNING] IEDB mhcii_el HTTP 403 (attempt 1/3) -- allele=HLA-DQA1*01:01/DQB1*05:01
[WARNING] IEDB mhcii_el HTTP 403 (attempt 3/3) -- allele=HLA-DQA1*01:01/DQB1*05:01
[ERROR] IEDB mhcii_el failed after 3 attempts -- allele=HLA-DQA1*01:01/DQB1*05:01 -- treated as no-prediction, NOT cached.
[WARNING] IEDB mhcii_el HTTP 403 (attempt 1/3) -- allele=HLA-DQA1*01:01/DQB1*05:01
[WARNING] IEDB mhcii_el HTTP 403 (attempt 1/3) -- allele=HLA-DQA1*01:01/DQB1*05:01
[WARNING] IEDB mhcii_el HTTP 403 (attempt 1/3) -- allele=HLA-DQA1*01:01/DQB1*05:01
[WARNING] IEDB mhcii_el HTTP 403 (attempt 2/3) -- allele=HLA-DQA1*01:01/DQB1*05:01
[WARNING] IEDB mhcii_el HTTP 403 (attempt 2/3) -- allele=HLA-DQA1*01:01/DQB1*05:01
[WARNING] IEDB mhcii_el HTTP 403 (attempt 2/3) -- allele=HLA-DQA1*01:01/DQB1*05:01
[WARNING] IEDB mhcii_el HTTP 403 (attempt 2/3) -- allele=HLA-DQA1*01:01/DQB1*05:01
[WARNING] IEDB mhcii_el HTTP 403 (attempt 3/3) -- allele=HLA-DQA1*01:01/DQB1*05:01
[ERROR] IEDB mhcii_el failed after 3 attempts -- allele=HLA-DQA1*01:01/DQB1*05:01 -- treated as no-prediction, NOT cached.
[WARNING] IEDB mhcii_el HTTP 403 (attempt 1/3) -- allele=HLA-DQA1*01:02/DQB1*05:02
[WARNING] IEDB mhcii_el HTTP 403 (attempt 3/3) -- allele=HLA-DQA1*01:01/DQB1*05:01
[ERROR] IEDB mhcii_el failed after 3 attempts -- allele=HLA-DQA1*01:01/DQB1*05:01 -- treated as no-prediction, NOT cached.
[WARNING] IEDB mhcii_el HTTP 403 (attempt 3/3) -- allele=HLA-DQA1*01:01/DQB1*05:01
[ERROR] IEDB mhcii_el failed after 3 attempts -- allele=HLA-DQA1*01:01/DQB1*05:01 -- treated as no-prediction, NOT cached.
[WARNING] IEDB mhcii_el HTTP 403 (attempt 3/3) -- allele=HLA-DQA1*01:01/DQB1*05:01
[ERROR] IEDB mhcii_el failed after 3 attempts -- allele=HLA-DQA1*01:01/DQB1*05:01 -- treated as no-prediction, NOT cached.
[WARNING] IEDB mhcii_el HTTP 403 (attempt 1/3) -- allele=HLA-DQA1*01:02/DQB1*05:02
[WARNING] IEDB mhcii_el HTTP 403 (attempt 1/3) -- allele=HLA-DQA1*01:02/DQB1*05:02
[WARNING] IEDB mhcii_el HTTP 403 (attempt 1/3) -- allele=HLA-DQA1*01:02/DQB1*05:02
[WARNING] IEDB mhcii_el HTTP 403 (attempt 2/3) -- allele=HLA-DQA1*01:02/DQB1*05:02
[WARNING] IEDB mhcii_el HTTP 403 (attempt 2/3) -- allele=HLA-DQA1*01:02/DQB1*05:02
[WARNING] IEDB mhcii_el HTTP 403 (attempt 2/3) -- allele=HLA-DQA1*01:02/DQB1*05:02
[WARNING] IEDB mhcii_el HTTP 403 (attempt 2/3) -- allele=HLA-DQA1*01:02/DQB1*05:02
[WARNING] IEDB mhcii_el HTTP 403 (attempt 3/3) -- allele=HLA-DQA1*01:02/DQB1*05:02
[ERROR] IEDB mhcii_el failed after 3 attempts -- allele=HLA-DQA1*01:02/DQB1*05:02 -- treated as no-prediction, NOT cached.
[WARNING] IEDB mhcii_el HTTP 403 (attempt 1/3) -- allele=HLA-DQA1*01:02/DQB1*05:02
[WARNING] IEDB mhcii_el HTTP 403 (attempt 3/3) -- allele=HLA-DQA1*01:02/DQB1*05:02
[ERROR] IEDB mhcii_el failed after 3 attempts -- allele=HLA-DQA1*01:02/DQB1*05:02 -- treated as no-prediction, NOT cached.
[PROCESS] MHC-II junction scan 110/297
[WARNING] IEDB mhcii_el HTTP 403 (attempt 3/3) -- allele=HLA-DQA1*01:02/DQB1*05:02
[ERROR] IEDB mhcii_el failed after 3 attempts -- allele=HLA-DQA1*01:02/DQB1*05:02 -- treated as no-prediction, NOT cached.
[WARNING] IEDB mhcii_el HTTP 403 (attempt 3/3) -- allele=HLA-DQA1*01:02/DQB1*05:02
[ERROR] IEDB mhcii_el failed after 3 attempts -- allele=HLA-DQA1*01:02/DQB1*05:02 -- treated as no-prediction, NOT cached.
[WARNING] IEDB mhcii_el HTTP 403 (attempt 1/3) -- allele=HLA-DQA1*01:02/DQB1*05:02
[WARNING] IEDB mhcii_el HTTP 403 (attempt 1/3) -- allele=HLA-DQA1*01:02/DQB1*05:02
[WARNING] IEDB mhcii_el HTTP 403 (attempt 1/3) -- allele=HLA-DQA1*01:02/DQB1*05:02
[WARNING] IEDB mhcii_el HTTP 403 (attempt 2/3) -- allele=HLA-DQA1*01:02/DQB1*05:02
[WARNING] IEDB mhcii_el HTTP 403 (attempt 2/3) -- allele=HLA-DQA1*01:02/DQB1*05:02
[WARNING] IEDB mhcii_el HTTP 403 (attempt 2/3) -- allele=HLA-DQA1*01:02/DQB1*05:02
[WARNING] IEDB mhcii_el HTTP 403 (attempt 2/3) -- allele=HLA-DQA1*01:02/DQB1*05:02
[WARNING] IEDB mhcii_el HTTP 403 (attempt 3/3) -- allele=HLA-DQA1*01:02/DQB1*05:02
[ERROR] IEDB mhcii_el failed after 3 attempts -- allele=HLA-DQA1*01:02/DQB1*05:02 -- treated as no-prediction, NOT cached.
[WARNING] IEDB mhcii_el HTTP 403 (attempt 1/3) -- allele=HLA-DQA1*01:02/DQB1*05:02
[WARNING] IEDB mhcii_el HTTP 403 (attempt 3/3) -- allele=HLA-DQA1*01:02/DQB1*05:02
[ERROR] IEDB mhcii_el failed after 3 attempts -- allele=HLA-DQA1*01:02/DQB1*05:02 -- treated as no-prediction, NOT cached.
[WARNING] IEDB mhcii_el HTTP 403 (attempt 3/3) -- allele=HLA-DQA1*01:02/DQB1*05:02
[ERROR] IEDB mhcii_el failed after 3 attempts -- allele=HLA-DQA1*01:02/DQB1*05:02 -- treated as no-prediction, NOT cached.
[WARNING] IEDB mhcii_el HTTP 403 (attempt 3/3) -- allele=HLA-DQA1*01:02/DQB1*05:02
[ERROR] IEDB mhcii_el failed after 3 attempts -- allele=HLA-DQA1*01:02/DQB1*05:02 -- treated as no-prediction, NOT cached.
[WARNING] IEDB mhcii_el HTTP 403 (attempt 1/3) -- allele=HLA-DQA1*01:03/DQB1*05:03
[WARNING] IEDB mhcii_el HTTP 403 (attempt 1/3) -- allele=HLA-DQA1*01:03/DQB1*05:03
[WARNING] IEDB mhcii_el HTTP 403 (attempt 1/3) -- allele=HLA-DQA1*01:03/DQB1*05:03
[WARNING] IEDB mhcii_el HTTP 403 (attempt 2/3) -- allele=HLA-DQA1*01:02/DQB1*05:02
[WARNING] IEDB mhcii_el HTTP 403 (attempt 2/3) -- allele=HLA-DQA1*01:03/DQB1*05:03
[WARNING] IEDB mhcii_el HTTP 403 (attempt 2/3) -- allele=HLA-DQA1*01:03/DQB1*05:03
[WARNING] IEDB mhcii_el HTTP 403 (attempt 2/3) -- allele=HLA-DQA1*01:03/DQB1*05:03
[WARNING] IEDB mhcii_el HTTP 403 (attempt 3/3) -- allele=HLA-DQA1*01:02/DQB1*05:02
[ERROR] IEDB mhcii_el failed after 3 attempts -- allele=HLA-DQA1*01:02/DQB1*05:02 -- treated as no-prediction, NOT cached.
[WARNING] IEDB mhcii_el HTTP 403 (attempt 1/3) -- allele=HLA-DQA1*01:03/DQB1*05:03
[WARNING] IEDB mhcii_el HTTP 403 (attempt 3/3) -- allele=HLA-DQA1*01:03/DQB1*05:03
[ERROR] IEDB mhcii_el failed after 3 attempts -- allele=HLA-DQA1*01:03/DQB1*05:03 -- treated as no-prediction, NOT cached.
[WARNING] IEDB mhcii_el HTTP 403 (attempt 3/3) -- allele=HLA-DQA1*01:03/DQB1*05:03
[ERROR] IEDB mhcii_el failed after 3 attempts -- allele=HLA-DQA1*01:03/DQB1*05:03 -- treated as no-prediction, NOT cached.
[WARNING] IEDB mhcii_el HTTP 403 (attempt 3/3) -- allele=HLA-DQA1*01:03/DQB1*05:03
[ERROR] IEDB mhcii_el failed after 3 attempts -- allele=HLA-DQA1*01:03/DQB1*05:03 -- treated as no-prediction, NOT cached.
[PROCESS] MHC-II junction scan 120/297
[WARNING] IEDB mhcii_el HTTP 403 (attempt 1/3) -- allele=HLA-DQA1*01:03/DQB1*05:03
[WARNING] IEDB mhcii_el HTTP 403 (attempt 1/3) -- allele=HLA-DQA1*01:03/DQB1*05:03
[WARNING] IEDB mhcii_el HTTP 403 (attempt 1/3) -- allele=HLA-DQA1*01:03/DQB1*05:03
[WARNING] IEDB mhcii_el HTTP 403 (attempt 2/3) -- allele=HLA-DQA1*01:03/DQB1*05:03
[WARNING] IEDB mhcii_el HTTP 403 (attempt 2/3) -- allele=HLA-DQA1*01:03/DQB1*05:03
[WARNING] IEDB mhcii_el HTTP 403 (attempt 2/3) -- allele=HLA-DQA1*01:03/DQB1*05:03
[WARNING] IEDB mhcii_el HTTP 403 (attempt 2/3) -- allele=HLA-DQA1*01:03/DQB1*05:03
[WARNING] IEDB mhcii_el HTTP 403 (attempt 3/3) -- allele=HLA-DQA1*01:03/DQB1*05:03
[ERROR] IEDB mhcii_el failed after 3 attempts -- allele=HLA-DQA1*01:03/DQB1*05:03 -- treated as no-prediction, NOT cached.
[WARNING] IEDB mhcii_el HTTP 403 (attempt 1/3) -- allele=HLA-DQA1*01:03/DQB1*05:03
[WARNING] IEDB mhcii_el HTTP 403 (attempt 3/3) -- allele=HLA-DQA1*01:03/DQB1*05:03
[ERROR] IEDB mhcii_el failed after 3 attempts -- allele=HLA-DQA1*01:03/DQB1*05:03 -- treated as no-prediction, NOT cached.
[WARNING] IEDB mhcii_el HTTP 403 (attempt 3/3) -- allele=HLA-DQA1*01:03/DQB1*05:03
[ERROR] IEDB mhcii_el failed after 3 attempts -- allele=HLA-DQA1*01:03/DQB1*05:03 -- treated as no-prediction, NOT cached.
[WARNING] IEDB mhcii_el HTTP 403 (attempt 3/3) -- allele=HLA-DQA1*01:03/DQB1*05:03
[ERROR] IEDB mhcii_el failed after 3 attempts -- allele=HLA-DQA1*01:03/DQB1*05:03 -- treated as no-prediction, NOT cached.
[WARNING] IEDB mhcii_el HTTP 403 (attempt 1/3) -- allele=HLA-DQA1*01:03/DQB1*05:03
[WARNING] IEDB mhcii_el HTTP 403 (attempt 1/3) -- allele=HLA-DQA1*01:02/DQB1*06:02
[WARNING] IEDB mhcii_el HTTP 403 (attempt 1/3) -- allele=HLA-DQA1*01:02/DQB1*06:02
[WARNING] IEDB mhcii_el HTTP 403 (attempt 2/3) -- allele=HLA-DQA1*01:03/DQB1*05:03
[WARNING] IEDB mhcii_el HTTP 403 (attempt 2/3) -- allele=HLA-DQA1*01:03/DQB1*05:03
[WARNING] IEDB mhcii_el HTTP 403 (attempt 2/3) -- allele=HLA-DQA1*01:02/DQB1*06:02
[WARNING] IEDB mhcii_el HTTP 403 (attempt 2/3) -- allele=HLA-DQA1*01:02/DQB1*06:02
[WARNING] IEDB mhcii_el HTTP 403 (attempt 3/3) -- allele=HLA-DQA1*01:03/DQB1*05:03
[ERROR] IEDB mhcii_el failed after 3 attempts -- allele=HLA-DQA1*01:03/DQB1*05:03 -- treated as no-prediction, NOT cached.
[WARNING] IEDB mhcii_el HTTP 403 (attempt 1/3) -- allele=HLA-DQA1*01:02/DQB1*06:02
[WARNING] IEDB mhcii_el HTTP 403 (attempt 3/3) -- allele=HLA-DQA1*01:02/DQB1*06:02
[ERROR] IEDB mhcii_el failed after 3 attempts -- allele=HLA-DQA1*01:02/DQB1*06:02 -- treated as no-prediction, NOT cached.
[WARNING] IEDB mhcii_el HTTP 403 (attempt 3/3) -- allele=HLA-DQA1*01:03/DQB1*05:03
[ERROR] IEDB mhcii_el failed after 3 attempts -- allele=HLA-DQA1*01:03/DQB1*05:03 -- treated as no-prediction, NOT cached.
[WARNING] IEDB mhcii_el HTTP 403 (attempt 3/3) -- allele=HLA-DQA1*01:02/DQB1*06:02
[ERROR] IEDB mhcii_el failed after 3 attempts -- allele=HLA-DQA1*01:02/DQB1*06:02 -- treated as no-prediction, NOT cached.
[WARNING] IEDB mhcii_el HTTP 403 (attempt 1/3) -- allele=HLA-DQA1*01:02/DQB1*06:02
[WARNING] IEDB mhcii_el HTTP 403 (attempt 1/3) -- allele=HLA-DQA1*01:02/DQB1*06:02
[WARNING] IEDB mhcii_el HTTP 403 (attempt 1/3) -- allele=HLA-DQA1*01:02/DQB1*06:02
[WARNING] IEDB mhcii_el HTTP 403 (attempt 2/3) -- allele=HLA-DQA1*01:02/DQB1*06:02
[WARNING] IEDB mhcii_el HTTP 403 (attempt 2/3) -- allele=HLA-DQA1*01:02/DQB1*06:02
[WARNING] IEDB mhcii_el HTTP 403 (attempt 2/3) -- allele=HLA-DQA1*01:02/DQB1*06:02
[WARNING] IEDB mhcii_el HTTP 403 (attempt 2/3) -- allele=HLA-DQA1*01:02/DQB1*06:02
[WARNING] IEDB mhcii_el HTTP 403 (attempt 3/3) -- allele=HLA-DQA1*01:02/DQB1*06:02
[ERROR] IEDB mhcii_el failed after 3 attempts -- allele=HLA-DQA1*01:02/DQB1*06:02 -- treated as no-prediction, NOT cached.
[WARNING] IEDB mhcii_el HTTP 403 (attempt 3/3) -- allele=HLA-DQA1*01:02/DQB1*06:02
[ERROR] IEDB mhcii_el failed after 3 attempts -- allele=HLA-DQA1*01:02/DQB1*06:02 -- treated as no-prediction, NOT cached.
[PROCESS] MHC-II junction scan 130/297
[WARNING] IEDB mhcii_el HTTP 403 (attempt 1/3) -- allele=HLA-DQA1*01:02/DQB1*06:02
[WARNING] IEDB mhcii_el HTTP 403 (attempt 3/3) -- allele=HLA-DQA1*01:02/DQB1*06:02
[ERROR] IEDB mhcii_el failed after 3 attempts -- allele=HLA-DQA1*01:02/DQB1*06:02 -- treated as no-prediction, NOT cached.
[WARNING] IEDB mhcii_el HTTP 403 (attempt 1/3) -- allele=HLA-DQA1*01:02/DQB1*06:02
[WARNING] IEDB mhcii_el HTTP 403 (attempt 3/3) -- allele=HLA-DQA1*01:02/DQB1*06:02
[ERROR] IEDB mhcii_el failed after 3 attempts -- allele=HLA-DQA1*01:02/DQB1*06:02 -- treated as no-prediction, NOT cached.
[WARNING] IEDB mhcii_el HTTP 403 (attempt 1/3) -- allele=HLA-DQA1*01:02/DQB1*06:02
[WARNING] IEDB mhcii_el HTTP 403 (attempt 1/3) -- allele=HLA-DRB1*01:01
[WARNING] IEDB mhcii_el HTTP 403 (attempt 2/3) -- allele=HLA-DQA1*01:02/DQB1*06:02
[WARNING] IEDB mhcii_el HTTP 403 (attempt 2/3) -- allele=HLA-DQA1*01:02/DQB1*06:02
[WARNING] IEDB mhcii_el HTTP 403 (attempt 2/3) -- allele=HLA-DQA1*01:02/DQB1*06:02
[WARNING] IEDB mhcii_el HTTP 403 (attempt 2/3) -- allele=HLA-DRB1*01:01
[WARNING] IEDB mhcii_el HTTP 403 (attempt 3/3) -- allele=HLA-DQA1*01:02/DQB1*06:02
[ERROR] IEDB mhcii_el failed after 3 attempts -- allele=HLA-DQA1*01:02/DQB1*06:02 -- treated as no-prediction, NOT cached.
[WARNING] IEDB mhcii_el HTTP 403 (attempt 1/3) -- allele=HLA-DRB1*01:01
[WARNING] IEDB mhcii_el HTTP 403 (attempt 3/3) -- allele=HLA-DQA1*01:02/DQB1*06:02
[ERROR] IEDB mhcii_el failed after 3 attempts -- allele=HLA-DQA1*01:02/DQB1*06:02 -- treated as no-prediction, NOT cached.
[WARNING] IEDB mhcii_el HTTP 403 (attempt 3/3) -- allele=HLA-DQA1*01:02/DQB1*06:02
[ERROR] IEDB mhcii_el failed after 3 attempts -- allele=HLA-DQA1*01:02/DQB1*06:02 -- treated as no-prediction, NOT cached.
[WARNING] IEDB mhcii_el HTTP 403 (attempt 3/3) -- allele=HLA-DRB1*01:01
[ERROR] IEDB mhcii_el failed after 3 attempts -- allele=HLA-DRB1*01:01 -- treated as no-prediction, NOT cached.
[WARNING] IEDB mhcii_el HTTP 403 (attempt 1/3) -- allele=HLA-DRB1*01:01
[WARNING] IEDB mhcii_el HTTP 403 (attempt 1/3) -- allele=HLA-DRB1*01:01
[WARNING] IEDB mhcii_el HTTP 403 (attempt 1/3) -- allele=HLA-DRB1*01:01
[WARNING] IEDB mhcii_el HTTP 403 (attempt 2/3) -- allele=HLA-DRB1*01:01
[WARNING] IEDB mhcii_el HTTP 403 (attempt 2/3) -- allele=HLA-DRB1*01:01
[WARNING] IEDB mhcii_el HTTP 403 (attempt 2/3) -- allele=HLA-DRB1*01:01
[WARNING] IEDB mhcii_el HTTP 403 (attempt 2/3) -- allele=HLA-DRB1*01:01
[WARNING] IEDB mhcii_el HTTP 403 (attempt 3/3) -- allele=HLA-DRB1*01:01
[ERROR] IEDB mhcii_el failed after 3 attempts -- allele=HLA-DRB1*01:01 -- treated as no-prediction, NOT cached.
[WARNING] IEDB mhcii_el HTTP 403 (attempt 3/3) -- allele=HLA-DRB1*01:01
[ERROR] IEDB mhcii_el failed after 3 attempts -- allele=HLA-DRB1*01:01 -- treated as no-prediction, NOT cached.
[WARNING] IEDB mhcii_el HTTP 403 (attempt 1/3) -- allele=HLA-DRB1*01:01
[WARNING] IEDB mhcii_el HTTP 403 (attempt 3/3) -- allele=HLA-DRB1*01:01
[ERROR] IEDB mhcii_el failed after 3 attempts -- allele=HLA-DRB1*01:01 -- treated as no-prediction, NOT cached.
[WARNING] IEDB mhcii_el HTTP 403 (attempt 3/3) -- allele=HLA-DRB1*01:01
[ERROR] IEDB mhcii_el failed after 3 attempts -- allele=HLA-DRB1*01:01 -- treated as no-prediction, NOT cached.
[PROCESS] MHC-II junction scan 140/297
[WARNING] IEDB mhcii_el HTTP 403 (attempt 1/3) -- allele=HLA-DRB1*01:01
[WARNING] IEDB mhcii_el HTTP 403 (attempt 1/3) -- allele=HLA-DRB1*01:01
[WARNING] IEDB mhcii_el HTTP 403 (attempt 1/3) -- allele=HLA-DRB1*01:01
[WARNING] IEDB mhcii_el HTTP 403 (attempt 2/3) -- allele=HLA-DRB1*01:01
[WARNING] IEDB mhcii_el HTTP 403 (attempt 2/3) -- allele=HLA-DRB1*01:01
[WARNING] IEDB mhcii_el HTTP 403 (attempt 2/3) -- allele=HLA-DRB1*01:01
[WARNING] IEDB mhcii_el HTTP 403 (attempt 2/3) -- allele=HLA-DRB1*01:01
[WARNING] IEDB mhcii_el HTTP 403 (attempt 3/3) -- allele=HLA-DRB1*01:01
[ERROR] IEDB mhcii_el failed after 3 attempts -- allele=HLA-DRB1*01:01 -- treated as no-prediction, NOT cached.
[WARNING] IEDB mhcii_el HTTP 403 (attempt 3/3) -- allele=HLA-DRB1*01:01
[ERROR] IEDB mhcii_el failed after 3 attempts -- allele=HLA-DRB1*01:01 -- treated as no-prediction, NOT cached.
[WARNING] IEDB mhcii_el HTTP 403 (attempt 1/3) -- allele=HLA-DRB1*03:01
[WARNING] IEDB mhcii_el HTTP 403 (attempt 3/3) -- allele=HLA-DRB1*01:01
[ERROR] IEDB mhcii_el failed after 3 attempts -- allele=HLA-DRB1*01:01 -- treated as no-prediction, NOT cached.
[WARNING] IEDB mhcii_el HTTP 403 (attempt 3/3) -- allele=HLA-DRB1*01:01
[ERROR] IEDB mhcii_el failed after 3 attempts -- allele=HLA-DRB1*01:01 -- treated as no-prediction, NOT cached.
[WARNING] IEDB mhcii_el HTTP 403 (attempt 1/3) -- allele=HLA-DRB1*03:01
[WARNING] IEDB mhcii_el HTTP 403 (attempt 1/3) -- allele=HLA-DRB1*03:01
[WARNING] IEDB mhcii_el HTTP 403 (attempt 1/3) -- allele=HLA-DRB1*03:01
[WARNING] IEDB mhcii_el HTTP 403 (attempt 2/3) -- allele=HLA-DRB1*03:01
[WARNING] IEDB mhcii_el HTTP 403 (attempt 2/3) -- allele=HLA-DRB1*03:01
[WARNING] IEDB mhcii_el HTTP 403 (attempt 2/3) -- allele=HLA-DRB1*03:01
[WARNING] IEDB mhcii_el HTTP 403 (attempt 2/3) -- allele=HLA-DRB1*03:01
[WARNING] IEDB mhcii_el HTTP 403 (attempt 3/3) -- allele=HLA-DRB1*03:01
[ERROR] IEDB mhcii_el failed after 3 attempts -- allele=HLA-DRB1*03:01 -- treated as no-prediction, NOT cached.
[WARNING] IEDB mhcii_el HTTP 403 (attempt 3/3) -- allele=HLA-DRB1*03:01
[ERROR] IEDB mhcii_el failed after 3 attempts -- allele=HLA-DRB1*03:01 -- treated as no-prediction, NOT cached.
[WARNING] IEDB mhcii_el HTTP 403 (attempt 1/3) -- allele=HLA-DRB1*03:01
[WARNING] IEDB mhcii_el HTTP 403 (attempt 3/3) -- allele=HLA-DRB1*03:01
[ERROR] IEDB mhcii_el failed after 3 attempts -- allele=HLA-DRB1*03:01 -- treated as no-prediction, NOT cached.
[WARNING] IEDB mhcii_el HTTP 403 (attempt 3/3) -- allele=HLA-DRB1*03:01
[ERROR] IEDB mhcii_el failed after 3 attempts -- allele=HLA-DRB1*03:01 -- treated as no-prediction, NOT cached.
[WARNING] IEDB mhcii_el HTTP 403 (attempt 1/3) -- allele=HLA-DRB1*03:01
[WARNING] IEDB mhcii_el HTTP 403 (attempt 1/3) -- allele=HLA-DRB1*03:01
[WARNING] IEDB mhcii_el HTTP 403 (attempt 1/3) -- allele=HLA-DRB1*03:01
[WARNING] IEDB mhcii_el HTTP 403 (attempt 2/3) -- allele=HLA-DRB1*03:01
[WARNING] IEDB mhcii_el HTTP 403 (attempt 2/3) -- allele=HLA-DRB1*03:01
[WARNING] IEDB mhcii_el HTTP 403 (attempt 2/3) -- allele=HLA-DRB1*03:01
[WARNING] IEDB mhcii_el HTTP 403 (attempt 2/3) -- allele=HLA-DRB1*03:01
[WARNING] IEDB mhcii_el HTTP 403 (attempt 3/3) -- allele=HLA-DRB1*03:01
[ERROR] IEDB mhcii_el failed after 3 attempts -- allele=HLA-DRB1*03:01 -- treated as no-prediction, NOT cached.
[WARNING] IEDB mhcii_el HTTP 403 (attempt 1/3) -- allele=HLA-DRB1*03:01
[WARNING] IEDB mhcii_el HTTP 403 (attempt 3/3) -- allele=HLA-DRB1*03:01
[ERROR] IEDB mhcii_el failed after 3 attempts -- allele=HLA-DRB1*03:01 -- treated as no-prediction, NOT cached.
[PROCESS] MHC-II junction scan 150/297
[WARNING] IEDB mhcii_el HTTP 403 (attempt 3/3) -- allele=HLA-DRB1*03:01
[ERROR] IEDB mhcii_el failed after 3 attempts -- allele=HLA-DRB1*03:01 -- treated as no-prediction, NOT cached.
[WARNING] IEDB mhcii_el HTTP 403 (attempt 3/3) -- allele=HLA-DRB1*03:01
[ERROR] IEDB mhcii_el failed after 3 attempts -- allele=HLA-DRB1*03:01 -- treated as no-prediction, NOT cached.
[WARNING] IEDB mhcii_el HTTP 403 (attempt 1/3) -- allele=HLA-DRB1*04:03
[WARNING] IEDB mhcii_el HTTP 403 (attempt 1/3) -- allele=HLA-DRB1*04:03
[WARNING] IEDB mhcii_el HTTP 403 (attempt 1/3) -- allele=HLA-DRB1*04:03
[WARNING] IEDB mhcii_el HTTP 403 (attempt 2/3) -- allele=HLA-DRB1*03:01
[WARNING] IEDB mhcii_el HTTP 403 (attempt 2/3) -- allele=HLA-DRB1*04:03
[WARNING] IEDB mhcii_el HTTP 403 (attempt 2/3) -- allele=HLA-DRB1*04:03
[WARNING] IEDB mhcii_el HTTP 403 (attempt 2/3) -- allele=HLA-DRB1*04:03
[WARNING] IEDB mhcii_el HTTP 403 (attempt 3/3) -- allele=HLA-DRB1*03:01
[ERROR] IEDB mhcii_el failed after 3 attempts -- allele=HLA-DRB1*03:01 -- treated as no-prediction, NOT cached.
[WARNING] IEDB mhcii_el HTTP 403 (attempt 1/3) -- allele=HLA-DRB1*04:03
[WARNING] IEDB mhcii_el HTTP 403 (attempt 3/3) -- allele=HLA-DRB1*04:03
[ERROR] IEDB mhcii_el failed after 3 attempts -- allele=HLA-DRB1*04:03 -- treated as no-prediction, NOT cached.
[WARNING] IEDB mhcii_el HTTP 403 (attempt 3/3) -- allele=HLA-DRB1*04:03
[ERROR] IEDB mhcii_el failed after 3 attempts -- allele=HLA-DRB1*04:03 -- treated as no-prediction, NOT cached.
[WARNING] IEDB mhcii_el HTTP 403 (attempt 3/3) -- allele=HLA-DRB1*04:03
[ERROR] IEDB mhcii_el failed after 3 attempts -- allele=HLA-DRB1*04:03 -- treated as no-prediction, NOT cached.
[WARNING] IEDB mhcii_el HTTP 403 (attempt 1/3) -- allele=HLA-DRB1*04:03
[WARNING] IEDB mhcii_el HTTP 403 (attempt 1/3) -- allele=HLA-DRB1*04:03
[WARNING] IEDB mhcii_el HTTP 403 (attempt 1/3) -- allele=HLA-DRB1*04:03
[WARNING] IEDB mhcii_el HTTP 403 (attempt 2/3) -- allele=HLA-DRB1*04:03
[WARNING] IEDB mhcii_el HTTP 403 (attempt 2/3) -- allele=HLA-DRB1*04:03
[WARNING] IEDB mhcii_el HTTP 403 (attempt 2/3) -- allele=HLA-DRB1*04:03
[WARNING] IEDB mhcii_el HTTP 403 (attempt 2/3) -- allele=HLA-DRB1*04:03
[WARNING] IEDB mhcii_el HTTP 403 (attempt 3/3) -- allele=HLA-DRB1*04:03
[ERROR] IEDB mhcii_el failed after 3 attempts -- allele=HLA-DRB1*04:03 -- treated as no-prediction, NOT cached.
[WARNING] IEDB mhcii_el HTTP 403 (attempt 1/3) -- allele=HLA-DRB1*04:03
[WARNING] IEDB mhcii_el HTTP 403 (attempt 3/3) -- allele=HLA-DRB1*04:03
[ERROR] IEDB mhcii_el failed after 3 attempts -- allele=HLA-DRB1*04:03 -- treated as no-prediction, NOT cached.
[WARNING] IEDB mhcii_el HTTP 403 (attempt 1/3) -- allele=HLA-DRB1*04:03
[WARNING] IEDB mhcii_el HTTP 403 (attempt 3/3) -- allele=HLA-DRB1*04:03
[ERROR] IEDB mhcii_el failed after 3 attempts -- allele=HLA-DRB1*04:03 -- treated as no-prediction, NOT cached.
[WARNING] IEDB mhcii_el HTTP 403 (attempt 3/3) -- allele=HLA-DRB1*04:03
[ERROR] IEDB mhcii_el failed after 3 attempts -- allele=HLA-DRB1*04:03 -- treated as no-prediction, NOT cached.
[PROCESS] MHC-II junction scan 160/297
[WARNING] IEDB mhcii_el HTTP 403 (attempt 1/3) -- allele=HLA-DRB1*04:05
[WARNING] IEDB mhcii_el HTTP 403 (attempt 1/3) -- allele=HLA-DRB1*04:05
[WARNING] IEDB mhcii_el HTTP 403 (attempt 2/3) -- allele=HLA-DRB1*04:03
[WARNING] IEDB mhcii_el HTTP 403 (attempt 2/3) -- allele=HLA-DRB1*04:03
[WARNING] IEDB mhcii_el HTTP 403 (attempt 2/3) -- allele=HLA-DRB1*04:05
[WARNING] IEDB mhcii_el HTTP 403 (attempt 2/3) -- allele=HLA-DRB1*04:05
[WARNING] IEDB mhcii_el HTTP 403 (attempt 3/3) -- allele=HLA-DRB1*04:03
[ERROR] IEDB mhcii_el failed after 3 attempts -- allele=HLA-DRB1*04:03 -- treated as no-prediction, NOT cached.
[WARNING] IEDB mhcii_el HTTP 403 (attempt 1/3) -- allele=HLA-DRB1*04:05
[WARNING] IEDB mhcii_el HTTP 403 (attempt 3/3) -- allele=HLA-DRB1*04:03
[ERROR] IEDB mhcii_el failed after 3 attempts -- allele=HLA-DRB1*04:03 -- treated as no-prediction, NOT cached.
[WARNING] IEDB mhcii_el HTTP 403 (attempt 3/3) -- allele=HLA-DRB1*04:05
[ERROR] IEDB mhcii_el failed after 3 attempts -- allele=HLA-DRB1*04:05 -- treated as no-prediction, NOT cached.
[WARNING] IEDB mhcii_el HTTP 403 (attempt 1/3) -- allele=HLA-DRB1*04:05
[WARNING] IEDB mhcii_el HTTP 403 (attempt 3/3) -- allele=HLA-DRB1*04:05
[ERROR] IEDB mhcii_el failed after 3 attempts -- allele=HLA-DRB1*04:05 -- treated as no-prediction, NOT cached.
[WARNING] IEDB mhcii_el HTTP 403 (attempt 1/3) -- allele=HLA-DRB1*04:05
[WARNING] IEDB mhcii_el HTTP 403 (attempt 1/3) -- allele=HLA-DRB1*04:05
[WARNING] IEDB mhcii_el HTTP 403 (attempt 2/3) -- allele=HLA-DRB1*04:05
